04-06 03:49:00.512 32035 32093 V BtGatt.ScanHelper: onScanResult() - eventType=0x1b, addressType=0, address=30:AF:7E:BE:89:C3, primaryPhy=1, secondaryPhy=0, advertisingSid=0xff, txPower=127, rssi=-89, periodicAdvInt=0x0, originalAddress=00:00:00:00:00:00
04-06 03:49:00.521 32035 32093 V BtGatt.ScanHelper: onScanResult() - eventType=0x10, addressType=0, address=78:BD:BC:02:4E:67, primaryPhy=1, secondaryPhy=0, advertisingSid=0xff, txPower=127, rssi=-90, periodicAdvInt=0x0, originalAddress=00:00:00:00:00:00
04-06 03:49:00.523 32035 32093 V BtGatt.ScanHelper: onScanResult() - eventType=0x10, addressType=0, address=30:AF:7E:BE:89:C3, primaryPhy=1, secondaryPhy=0, advertisingSid=0xff, txPower=127, rssi=-89, periodicAdvInt=0x0, originalAddress=00:00:00:00:00:00
04-06 03:49:00.529 32035 32093 V BtGatt.ScanHelper: onScanResult() - eventType=0x1b, addressType=0, address=30:AF:7E:BE:89:C3, primaryPhy=1, secondaryPhy=0, advertisingSid=0xff, txPower=127, rssi=-87, periodicAdvInt=0x0, originalAddress=00:00:00:00:00:00
04-06 03:49:00.563 32035 32093 V BtGatt.ScanHelper: onScanResult() - eventType=0x10, addressType=1, address=64:8B:1D:EF:82:38, primaryPhy=1, secondaryPhy=0, advertisingSid=0xff, txPower=127, rssi=-100, periodicAdvInt=0x0, originalAddress=00:00:00:00:00:00
04-06 03:49:00.571 32035 32093 V BtGatt.ScanHelper: onScanResult() - eventType=0x1b, addressType=0, address=30:AF:7E:BE:89:C3, primaryPhy=1, secondaryPhy=0, advertisingSid=0xff, txPower=127, rssi=-89, periodicAdvInt=0x0, originalAddress=00:00:00:00:00:00
04-06 03:49:00.625 32035 32093 V BtGatt.ScanHelper: onScanResult() - eventType=0x1b, addressType=0, address=30:AF:7E:BE:89:C3, primaryPhy=1, secondaryPhy=0, advertisingSid=0xff, txPower=127, rssi=-91, periodicAdvInt=0x0, originalAddress=00:00:00:00:00:00
04-06 03:49:00.627 32035 32093 V BtGatt.ScanHelper: onScanResult() - eventType=0x10, addressType=0, address=30:AF:7E:BE:89:C3, primaryPhy=1, secondaryPhy=0, advertisingSid=0xff, txPower=127, rssi=-89, periodicAdvInt=0x0, originalAddress=00:00:00:00:00:00
04-06 03:49:00.629 32035 32093 V BtGatt.ScanHelper: onScanResult() - eventType=0x10, addressType=0, address=D0:03:DF:8E:81:83, primaryPhy=1, secondaryPhy=0, advertisingSid=0xff, txPower=127, rssi=-100, periodicAdvInt=0x0, originalAddress=00:00:00:00:00:00
04-06 03:49:00.646 32035 32093 V BtGatt.ScanHelper: onScanResult() - eventType=0x10, addressType=1, address=09:08:4A:47:6D:E9, primaryPhy=1, secondaryPhy=0, advertisingSid=0xff, txPower=127, rssi=-47, periodicAdvInt=0x0, originalAddress=00:00:00:00:00:00
04-06 03:49:00.650 32035 32093 V BtGatt.ScanHelper: onScanResult() - eventType=0x1b, addressType=0, address=30:AF:7E:BE:89:C3, primaryPhy=1, secondaryPhy=0, advertisingSid=0xff, txPower=127, rssi=-90, periodicAdvInt=0x0, originalAddress=00:00:00:00:00:00
04-06 03:49:00.657 32035 32093 V BtGatt.ScanHelper: onScanResult() - eventType=0x1b, addressType=1, address=60:EA:6C:06:08:DF, primaryPhy=1, secondaryPhy=0, advertisingSid=0xff, txPower=127, rssi=-91, periodicAdvInt=0x0, originalAddress=00:00:00:00:00:00
04-06 03:49:00.677 32035 32093 V BtGatt.ScanHelper: onScanResult() - eventType=0x1b, addressType=0, address=30:AF:7E:BE:89:C3, primaryPhy=1, secondaryPhy=0, advertisingSid=0xff, txPower=127, rssi=-89, periodicAdvInt=0x0, originalAddress=00:00:00:00:00:00
04-06 03:49:00.698 32035 32093 V BtGatt.ScanHelper: onScanResult() - eventType=0x1b, addressType=0, address=30:AF:7E:BE:89:C3, primaryPhy=1, secondaryPhy=0, advertisingSid=0xff, txPower=127, rssi=-83, periodicAdvInt=0x0, originalAddress=00:00:00:00:00:00
04-06 03:49:00.727 32035 32093 V BtGatt.ScanHelper: onScanResult() - eventType=0x1b, addressType=0, address=30:AF:7E:BE:89:C3, primaryPhy=1, secondaryPhy=0, advertisingSid=0xff, txPower=127, rssi=-83, periodicAdvInt=0x0, originalAddress=00:00:00:00:00:00
04-06 03:49:00.732 32035 32093 V BtGatt.ScanHelper: onScanResult() - eventType=0x10, addressType=0, address=30:AF:7E:BE:89:C3, primaryPhy=1, secondaryPhy=0, advertisingSid=0xff, txPower=127, rssi=-84, periodicAdvInt=0x0, originalAddress=00:00:00:00:00:00
04-06 03:49:00.747 32035 32093 V BtGatt.ScanHelper: onScanResult() - eventType=0x10, addressType=1, address=09:08:4A:47:6D:E9, primaryPhy=1, secondaryPhy=0, advertisingSid=0xff, txPower=127, rssi=-54, periodicAdvInt=0x0, originalAddress=00:00:00:00:00:00
04-06 03:49:00.756 32035 32093 V BtGatt.ScanHelper: onScanResult() - eventType=0x1b, addressType=0, address=30:AF:7E:BE:89:C3, primaryPhy=1, secondaryPhy=0, advertisingSid=0xff, txPower=127, rssi=-83, periodicAdvInt=0x0, originalAddress=00:00:00:00:00:00
04-06 03:49:00.818 32035 32093 V BtGatt.ScanHelper: onScanResult() - eventType=0x1b, addressType=0, address=30:AF:7E:BE:89:C3, primaryPhy=1, secondaryPhy=0, advertisingSid=0xff, txPower=127, rssi=-89, periodicAdvInt=0x0, originalAddress=00:00:00:00:00:00
04-06 03:49:00.826 32035 32093 V BtGatt.ScanHelper: onScanResult() - eventType=0x10, addressType=0, address=78:BD:BC:02:4E:67, primaryPhy=1, secondaryPhy=0, advertisingSid=0xff, txPower=127, rssi=-91, periodicAdvInt=0x0, originalAddress=00:00:00:00:00:00
04-06 03:49:00.842 32035 32093 V BtGatt.ScanHelper: onScanResult() - eventType=0x10, addressType=0, address=30:AF:7E:BE:89:C3, primaryPhy=1, secondaryPhy=0, advertisingSid=0xff, txPower=127, rssi=-90, periodicAdvInt=0x0, originalAddress=00:00:00:00:00:00
04-06 03:49:00.851 32035 32093 V BtGatt.ScanHelper: onScanResult() - eventType=0x1b, addressType=0, address=30:AF:7E:BE:89:C3, primaryPhy=1, secondaryPhy=0, advertisingSid=0xff, txPower=127, rssi=-87, periodicAdvInt=0x0, originalAddress=00:00:00:00:00:00
04-06 03:49:00.854 32035 32093 V BtGatt.ScanHelper: onScanResult() - eventType=0x10, addressType=1, address=09:08:4A:47:6D:E9, primaryPhy=1, secondaryPhy=0, advertisingSid=0xff, txPower=127, rssi=-50, periodicAdvInt=0x0, originalAddress=00:00:00:00:00:00
04-06 03:49:00.875 32035 32093 V BtGatt.ScanHelper: onScanResult() - eventType=0x1b, addressType=0, address=30:AF:7E:BE:89:C3, primaryPhy=1, secondaryPhy=0, advertisingSid=0xff, txPower=127, rssi=-88, periodicAdvInt=0x0, originalAddress=00:00:00:00:00:00
04-06 03:49:00.879 32035 32093 V BtGatt.ScanHelper: onScanResult() - eventType=0x10, addressType=1, address=64:8B:1D:EF:82:38, primaryPhy=1, secondaryPhy=0, advertisingSid=0xff, txPower=127, rssi=-102, periodicAdvInt=0x0, originalAddress=00:00:00:00:00:00
04-06 03:49:00.907 32035 32093 V BtGatt.ScanHelper: onScanResult() - eventType=0x1b, addressType=0, address=30:AF:7E:BE:89:C3, primaryPhy=1, secondaryPhy=0, advertisingSid=0xff, txPower=127, rssi=-91, periodicAdvInt=0x0, originalAddress=00:00:00:00:00:00
04-06 03:49:00.936 32035 32093 V BtGatt.ScanHelper: onScanResult() - eventType=0x1b, addressType=0, address=30:AF:7E:BE:89:C3, primaryPhy=1, secondaryPhy=0, advertisingSid=0xff, txPower=127, rssi=-89, periodicAdvInt=0x0, originalAddress=00:00:00:00:00:00
04-06 03:49:00.944 32035 32093 V BtGatt.ScanHelper: onScanResult() - eventType=0x10, addressType=0, address=30:AF:7E:BE:89:C3, primaryPhy=1, secondaryPhy=0, advertisingSid=0xff, txPower=127, rssi=-90, periodicAdvInt=0x0, originalAddress=00:00:00:00:00:00
04-06 03:49:00.948 32035 32093 V BtGatt.ScanHelper: onScanResult() - eventType=0x10, addressType=0, address=D0:03:DF:8E:81:83, primaryPhy=1, secondaryPhy=0, advertisingSid=0xff, txPower=127, rssi=-99, periodicAdvInt=0x0, originalAddress=00:00:00:00:00:00
04-06 03:49:00.955 32035 32093 V BtGatt.ScanHelper: onScanResult() - eventType=0x10, addressType=1, address=09:08:4A:47:6D:E9, primaryPhy=1, secondaryPhy=0, advertisingSid=0xff, txPower=127, rssi=-47, periodicAdvInt=0x0, originalAddress=00:00:00:00:00:00
04-06 03:49:00.987 32035 32093 V BtGatt.ScanHelper: onScanResult() - eventType=0x1b, addressType=0, address=30:AF:7E:BE:89:C3, primaryPhy=1, secondaryPhy=0, advertisingSid=0xff, txPower=127, rssi=-90, periodicAdvInt=0x0, originalAddress=00:00:00:00:00:00
04-06 03:49:01.006 32035 32093 V BtGatt.ScanHelper: onScanResult() - eventType=0x1b, addressType=0, address=30:AF:7E:BE:89:C3, primaryPhy=1, secondaryPhy=0, advertisingSid=0xff, txPower=127, rssi=-83, periodicAdvInt=0x0, originalAddress=00:00:00:00:00:00
04-06 03:49:01.013 32035 32093 V BtGatt.ScanHelper: onScanResult() - eventType=0x10, addressType=1, address=EA:39:65:B6:A0:C3, primaryPhy=1, secondaryPhy=0, advertisingSid=0xff, txPower=127, rssi=-99, periodicAdvInt=0x0, originalAddress=00:00:00:00:00:00
04-06 03:49:01.023 32035 32093 V BtGatt.ScanHelper: onScanResult() - eventType=0x10, addressType=1, address=41:06:27:A9:84:13, primaryPhy=1, secondaryPhy=0, advertisingSid=0xff, txPower=127, rssi=-101, periodicAdvInt=0x0, originalAddress=00:00:00:00:00:00
04-06 03:49:01.031 32035 32093 V BtGatt.ScanHelper: onScanResult() - eventType=0x1b, addressType=0, address=30:AF:7E:BE:89:C3, primaryPhy=1, secondaryPhy=0, advertisingSid=0xff, txPower=127, rssi=-83, periodicAdvInt=0x0, originalAddress=00:00:00:00:00:00
04-06 03:49:01.086 32035 32093 V BtGatt.ScanHelper: onScanResult() - eventType=0x1b, addressType=0, address=30:AF:7E:BE:89:C3, primaryPhy=1, secondaryPhy=0, advertisingSid=0xff, txPower=127, rssi=-83, periodicAdvInt=0x0, originalAddress=00:00:00:00:00:00
04-06 03:49:01.108 32035 32093 V BtGatt.ScanHelper: onScanResult() - eventType=0x10, addressType=0, address=D0:03:DF:8E:81:83, primaryPhy=1, secondaryPhy=0, advertisingSid=0xff, txPower=127, rssi=-93, periodicAdvInt=0x0, originalAddress=00:00:00:00:00:00
04-06 03:49:01.140 32035 32093 V BtGatt.ScanHelper: onScanResult() - eventType=0x1b, addressType=1, address=73:C9:D8:94:CC:33, primaryPhy=1, secondaryPhy=0, advertisingSid=0xff, txPower=127, rssi=-101, periodicAdvInt=0x0, originalAddress=00:00:00:00:00:00
04-06 03:49:01.143 32035 32093 V BtGatt.ScanHelper: onScanResult() - eventType=0x10, addressType=0, address=30:AF:7E:BE:89:C3, primaryPhy=1, secondaryPhy=0, advertisingSid=0xff, txPower=127, rssi=-92, periodicAdvInt=0x0, originalAddress=00:00:00:00:00:00
04-06 03:49:01.160 32035 32093 V BtGatt.ScanHelper: onScanResult() - eventType=0x1b, addressType=0, address=30:AF:7E:BE:89:C3, primaryPhy=1, secondaryPhy=0, advertisingSid=0xff, txPower=127, rssi=-89, periodicAdvInt=0x0, originalAddress=00:00:00:00:00:00
04-06 03:49:01.190 32035 32093 V BtGatt.ScanHelper: onScanResult() - eventType=0x1b, addressType=0, address=30:AF:7E:BE:89:C3, primaryPhy=1, secondaryPhy=0, advertisingSid=0xff, txPower=127, rssi=-89, periodicAdvInt=0x0, originalAddress=00:00:00:00:00:00
04-06 03:49:01.207 32035 32093 V BtGatt.ScanHelper: onScanResult() - eventType=0x1b, addressType=1, address=60:EA:6C:06:08:DF, primaryPhy=1, secondaryPhy=0, advertisingSid=0xff, txPower=127, rssi=-92, periodicAdvInt=0x0, originalAddress=00:00:00:00:00:00
04-06 03:49:01.255 32035 32093 V BtGatt.ScanHelper: onScanResult() - eventType=0x10, addressType=0, address=D0:03:DF:8E:81:83, primaryPhy=1, secondaryPhy=0, advertisingSid=0xff, txPower=127, rssi=-97, periodicAdvInt=0x0, originalAddress=00:00:00:00:00:00
04-06 03:49:01.256 32035 32093 V BtGatt.ScanHelper: onScanResult() - eventType=0x10, addressType=0, address=30:AF:7E:BE:89:C3, primaryPhy=1, secondaryPhy=0, advertisingSid=0xff, txPower=127, rssi=-91, periodicAdvInt=0x0, originalAddress=00:00:00:00:00:00
04-06 03:49:01.262 32035 32093 V BtGatt.ScanHelper: onScanResult() - eventType=0x10, addressType=1, address=09:08:4A:47:6D:E9, primaryPhy=1, secondaryPhy=0, advertisingSid=0xff, txPower=127, rssi=-47, periodicAdvInt=0x0, originalAddress=00:00:00:00:00:00
04-06 03:49:01.266 32035 32093 V BtGatt.ScanHelper: onScanResult() - eventType=0x1b, addressType=0, address=30:AF:7E:BE:89:C3, primaryPhy=1, secondaryPhy=0, advertisingSid=0xff, txPower=127, rssi=-90, periodicAdvInt=0x0, originalAddress=00:00:00:00:00:00
04-06 03:49:01.292 32035 32093 V BtGatt.ScanHelper: onScanResult() - eventType=0x1b, addressType=0, address=30:AF:7E:BE:89:C3, primaryPhy=1, secondaryPhy=0, advertisingSid=0xff, txPower=127, rssi=-89, periodicAdvInt=0x0, originalAddress=00:00:00:00:00:00
04-06 03:49:01.317 32035 32093 V BtGatt.ScanHelper: onScanResult() - eventType=0x1b, addressType=0, address=30:AF:7E:BE:89:C3, primaryPhy=1, secondaryPhy=0, advertisingSid=0xff, txPower=127, rssi=-83, periodicAdvInt=0x0, originalAddress=00:00:00:00:00:00
04-06 03:49:01.342 32035 32093 V BtGatt.ScanHelper: onScanResult() - eventType=0x1b, addressType=0, address=30:AF:7E:BE:89:C3, primaryPhy=1, secondaryPhy=0, advertisingSid=0xff, txPower=127, rssi=-83, periodicAdvInt=0x0, originalAddress=00:00:00:00:00:00
04-06 03:49:01.360 32035 32093 V BtGatt.ScanHelper: onScanResult() - eventType=0x1b, addressType=0, address=30:AF:7E:BE:89:C3, primaryPhy=1, secondaryPhy=0, advertisingSid=0xff, txPower=127, rssi=-83, periodicAdvInt=0x0, originalAddress=00:00:00:00:00:00
04-06 03:49:01.368 32035 32093 V BtGatt.ScanHelper: onScanResult() - eventType=0x10, addressType=1, address=09:08:4A:47:6D:E9, primaryPhy=1, secondaryPhy=0, advertisingSid=0xff, txPower=127, rssi=-54, periodicAdvInt=0x0, originalAddress=00:00:00:00:00:00
04-06 03:49:01.378 32035 32093 V BtGatt.ScanHelper: onScanResult() - eventType=0x1b, addressType=0, address=00:13:43:D5:21:5D, primaryPhy=1, secondaryPhy=0, advertisingSid=0xff, txPower=127, rssi=-62, periodicAdvInt=0x0, originalAddress=00:00:00:00:00:00
04-06 03:49:01.410 32035 32093 V BtGatt.ScanHelper: onScanResult() - eventType=0x1b, addressType=0, address=30:AF:7E:BE:89:C3, primaryPhy=1, secondaryPhy=0, advertisingSid=0xff, txPower=127, rssi=-89, periodicAdvInt=0x0, originalAddress=00:00:00:00:00:00
04-06 03:49:01.414 32035 32093 V BtGatt.ScanHelper: onScanResult() - eventType=0x10, addressType=1, address=64:8B:1D:EF:82:38, primaryPhy=1, secondaryPhy=0, advertisingSid=0xff, txPower=127, rssi=-101, periodicAdvInt=0x0, originalAddress=00:00:00:00:00:00
04-06 03:49:01.426 32035 32093 V BtGatt.ScanHelper: onScanResult() - eventType=0x10, addressType=0, address=D0:03:DF:8E:81:83, primaryPhy=1, secondaryPhy=0, advertisingSid=0xff, txPower=127, rssi=-95, periodicAdvInt=0x0, originalAddress=00:00:00:00:00:00
04-06 03:49:01.432 32035 32093 V BtGatt.ScanHelper: onScanResult() - eventType=0x10, addressType=0, address=78:BD:BC:02:4E:67, primaryPhy=1, secondaryPhy=0, advertisingSid=0xff, txPower=127, rssi=-89, periodicAdvInt=0x0, originalAddress=00:00:00:00:00:00
04-06 03:49:01.436 32035 32093 V BtGatt.ScanHelper: onScanResult() - eventType=0x1b, addressType=0, address=30:AF:7E:BE:89:C3, primaryPhy=1, secondaryPhy=0, advertisingSid=0xff, txPower=127, rssi=-90, periodicAdvInt=0x0, originalAddress=00:00:00:00:00:00
04-06 03:49:01.463 32035 32093 V BtGatt.ScanHelper: onScanResult() - eventType=0x1b, addressType=0, address=30:AF:7E:BE:89:C3, primaryPhy=1, secondaryPhy=0, advertisingSid=0xff, txPower=127, rssi=-89, periodicAdvInt=0x0, originalAddress=00:00:00:00:00:00
04-06 03:49:01.476 32035 32093 V BtGatt.ScanHelper: onScanResult() - eventType=0x10, addressType=1, address=09:08:4A:47:6D:E9, primaryPhy=1, secondaryPhy=0, advertisingSid=0xff, txPower=127, rssi=-49, periodicAdvInt=0x0, originalAddress=00:00:00:00:00:00
04-06 03:49:01.479 32035 32093 V BtGatt.ScanHelper: onScanResult() - eventType=0x1b, addressType=1, address=60:EA:6C:06:08:DF, primaryPhy=1, secondaryPhy=0, advertisingSid=0xff, txPower=127, rssi=-97, periodicAdvInt=0x0, originalAddress=00:00:00:00:00:00
04-06 03:49:01.483 32035 32093 V BtGatt.ScanHelper: onScanResult() - eventType=0x1b, addressType=0, address=30:AF:7E:BE:89:C3, primaryPhy=1, secondaryPhy=0, advertisingSid=0xff, txPower=127, rssi=-89, periodicAdvInt=0x0, originalAddress=00:00:00:00:00:00
04-06 03:49:01.512 32035 32093 V BtGatt.ScanHelper: onScanResult() - eventType=0x1b, addressType=0, address=30:AF:7E:BE:89:C3, primaryPhy=1, secondaryPhy=0, advertisingSid=0xff, txPower=127, rssi=-91, periodicAdvInt=0x0, originalAddress=00:00:00:00:00:00
04-06 03:49:01.535 32035 32093 V BtGatt.ScanHelper: onScanResult() - eventType=0x1b, addressType=0, address=30:AF:7E:BE:89:C3, primaryPhy=1, secondaryPhy=0, advertisingSid=0xff, txPower=127, rssi=-90, periodicAdvInt=0x0, originalAddress=00:00:00:00:00:00
04-06 03:49:01.546 32035 32093 V BtGatt.ScanHelper: onScanResult() - eventType=0x10, addressType=1, address=DE:C7:46:99:1B:8A, primaryPhy=1, secondaryPhy=0, advertisingSid=0xff, txPower=127, rssi=-93, periodicAdvInt=0x0, originalAddress=00:00:00:00:00:00
04-06 03:49:01.557 32035 32093 V BtGatt.ScanHelper: onScanResult() - eventType=0x1b, addressType=0, address=30:AF:7E:BE:89:C3, primaryPhy=1, secondaryPhy=0, advertisingSid=0xff, txPower=127, rssi=-90, periodicAdvInt=0x0, originalAddress=00:00:00:00:00:00
04-06 03:49:01.574 32035 32093 V BtGatt.ScanHelper: onScanResult() - eventType=0x10, addressType=0, address=30:AF:7E:BE:89:C3, primaryPhy=1, secondaryPhy=0, advertisingSid=0xff, txPower=127, rssi=-91, periodicAdvInt=0x0, originalAddress=00:00:00:00:00:00
04-06 03:49:01.588 32035 32093 V BtGatt.ScanHelper: onScanResult() - eventType=0x10, addressType=0, address=D0:03:DF:8E:81:83, primaryPhy=1, secondaryPhy=0, advertisingSid=0xff, txPower=127, rssi=-97, periodicAdvInt=0x0, originalAddress=00:00:00:00:00:00
04-06 03:49:01.592 32035 32093 V BtGatt.ScanHelper: onScanResult() - eventType=0x10, addressType=1, address=09:08:4A:47:6D:E9, primaryPhy=1, secondaryPhy=0, advertisingSid=0xff, txPower=127, rssi=-49, periodicAdvInt=0x0, originalAddress=00:00:00:00:00:00
04-06 03:49:01.615 32035 32093 V BtGatt.ScanHelper: onScanResult() - eventType=0x1b, addressType=0, address=30:AF:7E:BE:89:C3, primaryPhy=1, secondaryPhy=0, advertisingSid=0xff, txPower=127, rssi=-86, periodicAdvInt=0x0, originalAddress=00:00:00:00:00:00
04-06 03:49:01.644 32035 32093 V BtGatt.ScanHelper: onScanResult() - eventType=0x1b, addressType=0, address=30:AF:7E:BE:89:C3, primaryPhy=1, secondaryPhy=0, advertisingSid=0xff, txPower=127, rssi=-86, periodicAdvInt=0x0, originalAddress=00:00:00:00:00:00
04-06 03:49:01.671 32035 32093 V BtGatt.ScanHelper: onScanResult() - eventType=0x1b, addressType=0, address=30:AF:7E:BE:89:C3, primaryPhy=1, secondaryPhy=0, advertisingSid=0xff, txPower=127, rssi=-86, periodicAdvInt=0x0, originalAddress=00:00:00:00:00:00
04-06 03:49:01.682 32035 32093 V BtGatt.ScanHelper: onScanResult() - eventType=0x10, addressType=0, address=30:AF:7E:BE:89:C3, primaryPhy=1, secondaryPhy=0, advertisingSid=0xff, txPower=127, rssi=-87, periodicAdvInt=0x0, originalAddress=00:00:00:00:00:00
04-06 03:49:01.692 32035 32093 V BtGatt.ScanHelper: onScanResult() - eventType=0x1b, addressType=1, address=7C:BE:AE:D2:C6:68, primaryPhy=1, secondaryPhy=0, advertisingSid=0xff, txPower=127, rssi=-95, periodicAdvInt=0x0, originalAddress=00:00:00:00:00:00
04-06 03:49:01.695 32035 32093 V BtGatt.ScanHelper: onScanResult() - eventType=0x10, addressType=1, address=09:08:4A:47:6D:E9, primaryPhy=1, secondaryPhy=0, advertisingSid=0xff, txPower=127, rssi=-53, periodicAdvInt=0x0, originalAddress=00:00:00:00:00:00
04-06 03:49:01.702 32035 32093 V BtGatt.ScanHelper: onScanResult() - eventType=0x1b, addressType=0, address=30:AF:7E:BE:89:C3, primaryPhy=1, secondaryPhy=0, advertisingSid=0xff, txPower=127, rssi=-91, periodicAdvInt=0x0, originalAddress=00:00:00:00:00:00
04-06 03:49:01.707 32035 32093 V BtGatt.ScanHelper: onScanResult() - eventType=0x10, addressType=0, address=D0:03:DF:8E:81:83, primaryPhy=1, secondaryPhy=0, advertisingSid=0xff, txPower=127, rssi=-92, periodicAdvInt=0x0, originalAddress=00:00:00:00:00:00
04-06 03:49:01.722 32035 32093 V BtGatt.ScanHelper: onScanResult() - eventType=0x1b, addressType=0, address=30:AF:7E:BE:89:C3, primaryPhy=1, secondaryPhy=0, advertisingSid=0xff, txPower=127, rssi=-91, periodicAdvInt=0x0, originalAddress=00:00:00:00:00:00
04-06 03:49:01.738 32035 32093 V BtGatt.ScanHelper: onScanResult() - eventType=0x10, addressType=0, address=78:BD:BC:02:4E:67, primaryPhy=1, secondaryPhy=0, advertisingSid=0xff, txPower=127, rssi=-91, periodicAdvInt=0x0, originalAddress=00:00:00:00:00:00
04-06 03:49:01.756 32035 32093 V BtGatt.ScanHelper: onScanResult() - eventType=0x1b, addressType=1, address=60:EA:6C:06:08:DF, primaryPhy=1, secondaryPhy=0, advertisingSid=0xff, txPower=127, rssi=-93, periodicAdvInt=0x0, originalAddress=00:00:00:00:00:00
04-06 03:49:01.787 32035 32093 V BtGatt.ScanHelper: onScanResult() - eventType=0x10, addressType=0, address=30:AF:7E:BE:89:C3, primaryPhy=1, secondaryPhy=0, advertisingSid=0xff, txPower=127, rssi=-89, periodicAdvInt=0x0, originalAddress=00:00:00:00:00:00
04-06 03:49:01.793 32035 32093 V BtGatt.ScanHelper: onScanResult() - eventType=0x1b, addressType=0, address=5A:C8:04:05:8B:59, primaryPhy=1, secondaryPhy=0, advertisingSid=0xff, txPower=127, rssi=-93, periodicAdvInt=0x0, originalAddress=00:00:00:00:00:00
04-06 03:49:01.802 32035 32093 V BtGatt.ScanHelper: onScanResult() - eventType=0x10, addressType=1, address=09:08:4A:47:6D:E9, primaryPhy=1, secondaryPhy=0, advertisingSid=0xff, txPower=127, rssi=-50, periodicAdvInt=0x0, originalAddress=00:00:00:00:00:00
04-06 03:49:01.806 32035 32093 V BtGatt.ScanHelper: onScanResult() - eventType=0x1b, addressType=0, address=30:AF:7E:BE:89:C3, primaryPhy=1, secondaryPhy=0, advertisingSid=0xff, txPower=127, rssi=-91, periodicAdvInt=0x0, originalAddress=00:00:00:00:00:00
04-06 03:49:01.863 32035 32093 V BtGatt.ScanHelper: onScanResult() - eventType=0x1b, addressType=0, address=30:AF:7E:BE:89:C3, primaryPhy=1, secondaryPhy=0, advertisingSid=0xff, txPower=127, rssi=-92, periodicAdvInt=0x0, originalAddress=00:00:00:00:00:00
04-06 03:49:01.867 32035 32093 V BtGatt.ScanHelper: onScanResult() - eventType=0x10, addressType=0, address=D0:03:DF:8E:81:83, primaryPhy=1, secondaryPhy=0, advertisingSid=0xff, txPower=127, rssi=-98, periodicAdvInt=0x0, originalAddress=00:00:00:00:00:00
04-06 03:49:01.887 32035 32093 V BtGatt.ScanHelper: onScanResult() - eventType=0x1b, addressType=0, address=30:AF:7E:BE:89:C3, primaryPhy=1, secondaryPhy=0, advertisingSid=0xff, txPower=127, rssi=-92, periodicAdvInt=0x0, originalAddress=00:00:00:00:00:00
04-06 03:49:01.895 32035 32093 V BtGatt.ScanHelper: onScanResult() - eventType=0x10, addressType=0, address=30:AF:7E:BE:89:C3, primaryPhy=1, secondaryPhy=0, advertisingSid=0xff, txPower=127, rssi=-89, periodicAdvInt=0x0, originalAddress=00:00:00:00:00:00
04-06 03:49:01.901 32035 32093 V BtGatt.ScanHelper: onScanResult() - eventType=0x10, addressType=1, address=09:08:4A:47:6D:E9, primaryPhy=1, secondaryPhy=0, advertisingSid=0xff, txPower=127, rssi=-51, periodicAdvInt=0x0, originalAddress=00:00:00:00:00:00
04-06 03:49:01.912 32035 32093 V BtGatt.ScanHelper: onScanResult() - eventType=0x1b, addressType=0, address=30:AF:7E:BE:89:C3, primaryPhy=1, secondaryPhy=0, advertisingSid=0xff, txPower=127, rssi=-87, periodicAdvInt=0x0, originalAddress=00:00:00:00:00:00
04-06 03:49:01.937 32035 32093 V BtGatt.ScanHelper: onScanResult() - eventType=0x1b, addressType=0, address=30:AF:7E:BE:89:C3, primaryPhy=1, secondaryPhy=0, advertisingSid=0xff, txPower=127, rssi=-87, periodicAdvInt=0x0, originalAddress=00:00:00:00:00:00
04-06 03:49:01.967 32035 32093 V BtGatt.ScanHelper: onScanResult() - eventType=0x1b, addressType=0, address=30:AF:7E:BE:89:C3, primaryPhy=1, secondaryPhy=0, advertisingSid=0xff, txPower=127, rssi=-87, periodicAdvInt=0x0, originalAddress=00:00:00:00:00:00
04-06 03:49:01.971 32035 32093 V BtGatt.ScanHelper: onScanResult() - eventType=0x1b, addressType=1, address=7C:BE:AE:D2:C6:68, primaryPhy=1, secondaryPhy=0, advertisingSid=0xff, txPower=127, rssi=-95, periodicAdvInt=0x0, originalAddress=00:00:00:00:00:00
04-06 03:49:01.996 32035 32093 V BtGatt.ScanHelper: onScanResult() - eventType=0x1b, addressType=0, address=30:AF:7E:BE:89:C3, primaryPhy=1, secondaryPhy=0, advertisingSid=0xff, txPower=127, rssi=-87, periodicAdvInt=0x0, originalAddress=00:00:00:00:00:00
04-06 03:49:02.003 32035 32093 V BtGatt.ScanHelper: onScanResult() - eventType=0x10, addressType=0, address=30:AF:7E:BE:89:C3, primaryPhy=1, secondaryPhy=0, advertisingSid=0xff, txPower=127, rssi=-91, periodicAdvInt=0x0, originalAddress=00:00:00:00:00:00
04-06 03:49:02.011 32035 32093 V BtGatt.ScanHelper: onScanResult() - eventType=0x10, addressType=1, address=09:08:4A:47:6D:E9, primaryPhy=1, secondaryPhy=0, advertisingSid=0xff, txPower=127, rssi=-47, periodicAdvInt=0x0, originalAddress=00:00:00:00:00:00
04-06 03:49:02.019 32035 32093 V BtGatt.ScanHelper: onScanResult() - eventType=0x1b, addressType=0, address=30:AF:7E:BE:89:C3, primaryPhy=1, secondaryPhy=0, advertisingSid=0xff, txPower=127, rssi=-90, periodicAdvInt=0x0, originalAddress=00:00:00:00:00:00
04-06 03:49:02.038 32035 32093 V BtGatt.ScanHelper: onScanResult() - eventType=0x10, addressType=0, address=78:BD:BC:02:4E:67, primaryPhy=1, secondaryPhy=0, advertisingSid=0xff, txPower=127, rssi=-91, periodicAdvInt=0x0, originalAddress=00:00:00:00:00:00
04-06 03:49:02.044 32035 32093 V BtGatt.ScanHelper: onScanResult() - eventType=0x1b, addressType=0, address=30:AF:7E:BE:89:C3, primaryPhy=1, secondaryPhy=0, advertisingSid=0xff, txPower=127, rssi=-90, periodicAdvInt=0x0, originalAddress=00:00:00:00:00:00
04-06 03:49:02.064 32035 32093 V BtGatt.ScanHelper: onScanResult() - eventType=0x1b, addressType=0, address=30:AF:7E:BE:89:C3, primaryPhy=1, secondaryPhy=0, advertisingSid=0xff, txPower=127, rssi=-95, periodicAdvInt=0x0, originalAddress=00:00:00:00:00:00
04-06 03:49:02.085 32035 32093 V BtGatt.ScanHelper: onScanResult() - eventType=0x1b, addressType=0, address=30:AF:7E:BE:89:C3, primaryPhy=1, secondaryPhy=0, advertisingSid=0xff, txPower=127, rssi=-90, periodicAdvInt=0x0, originalAddress=00:00:00:00:00:00
04-06 03:49:02.096 30257 30257 D BLE     : Disconnected
04-06 03:49:02.107 32035 32093 V BtGatt.ScanHelper: onScanResult() - eventType=0x10, addressType=0, address=30:AF:7E:BE:89:C3, primaryPhy=1, secondaryPhy=0, advertisingSid=0xff, txPower=127, rssi=-91, periodicAdvInt=0x0, originalAddress=00:00:00:00:00:00
04-06 03:49:02.123 30257 30257 D MainActivity: BLE Manager created
04-06 03:49:02.123 30257 30257 D MainActivity: Callbacks setup done
04-06 03:49:02.123 30257 30257 D MainActivity: checkPermissionsAndScan start
04-06 03:49:02.123 30257 30257 D MainActivity: Permissions: android.permission.BLUETOOTH_SCAN, android.permission.BLUETOOTH_CONNECT
04-06 03:49:02.124 30257 30257 D MainActivity: All permissions granted: true
04-06 03:49:02.124 30257 30257 D BLE     : Scan started (no filter)
04-06 03:49:02.125 32035 32093 D BtGatt.ScanHelper: onScannerRegistered() - UUID=c163186f-414d-424d-80b4-0177e159c0e1, scannerId=7, status=0
04-06 03:49:02.126 30257 16416 D BluetoothLeScanner: onScannerRegistered() - status=0 scannerId=7 mScannerId=0
04-06 03:49:02.129 32035 32107 I BtGatt.ScanManager: msg.what = MSG_START_BLE_SCAN, msg.arg1 = None
04-06 03:49:02.129 30257 30257 D BLE     : Scanner started successfully
04-06 03:49:02.129 30257 30257 D MainActivity: checkPermissionsAndScan called
04-06 03:49:02.136 32035 32093 V BtGatt.ScanHelper: onScanResult() - eventType=0x1b, addressType=0, address=30:AF:7E:BE:89:C3, primaryPhy=1, secondaryPhy=0, advertisingSid=0xff, txPower=127, rssi=-91, periodicAdvInt=0x0, originalAddress=00:00:00:00:00:00
04-06 03:49:02.161 32035 32093 V BtGatt.ScanHelper: onScanResult() - eventType=0x1b, addressType=0, address=30:AF:7E:BE:89:C3, primaryPhy=1, secondaryPhy=0, advertisingSid=0xff, txPower=127, rssi=-91, periodicAdvInt=0x0, originalAddress=00:00:00:00:00:00
04-06 03:49:02.186 32035 32093 V BtGatt.ScanHelper: onScanResult() - eventType=0x1b, addressType=0, address=00:13:43:D5:21:5D, primaryPhy=1, secondaryPhy=0, advertisingSid=0xff, txPower=127, rssi=-85, periodicAdvInt=0x0, originalAddress=00:00:00:00:00:00
04-06 03:49:02.214 32035 32093 V BtGatt.ScanHelper: onScanResult() - eventType=0x1b, addressType=0, address=30:AF:7E:BE:89:C3, primaryPhy=1, secondaryPhy=0, advertisingSid=0xff, txPower=127, rssi=-86, periodicAdvInt=0x0, originalAddress=00:00:00:00:00:00
04-06 03:49:02.234 32035 32093 V BtGatt.ScanHelper: onScanResult() - eventType=0x1b, addressType=0, address=30:AF:7E:BE:89:C3, primaryPhy=1, secondaryPhy=0, advertisingSid=0xff, txPower=127, rssi=-87, periodicAdvInt=0x0, originalAddress=00:00:00:00:00:00
04-06 03:49:02.238 32035 32093 V BtGatt.ScanHelper: onScanResult() - eventType=0x10, addressType=1, address=09:08:4A:47:6D:E9, primaryPhy=1, secondaryPhy=0, advertisingSid=0xff, txPower=127, rssi=-52, periodicAdvInt=0x0, originalAddress=00:00:00:00:00:00
04-06 03:49:02.242 32035 32093 V BtGatt.ScanHelper: onScanResult() - eventType=0x1b, addressType=1, address=7C:BE:AE:D2:C6:68, primaryPhy=1, secondaryPhy=0, advertisingSid=0xff, txPower=127, rssi=-95, periodicAdvInt=0x0, originalAddress=00:00:00:00:00:00
04-06 03:49:02.286 32035 32093 V BtGatt.ScanHelper: onScanResult() - eventType=0x1b, addressType=0, address=30:AF:7E:BE:89:C3, primaryPhy=1, secondaryPhy=0, advertisingSid=0xff, txPower=127, rssi=-85, periodicAdvInt=0x0, originalAddress=00:00:00:00:00:00
04-06 03:49:02.288 32035 32107 I BtGatt.ScanManager: msg.what = MSG_STOP_BLE_SCAN, msg.arg1 = None
04-06 03:49:02.291 32035 32093 D BtGatt.ScanHelper: onScanFilterParamsConfigured() - clientIf=3, status=0, action=0, availableSpace=0
04-06 03:49:02.291 32035 32093 D BtGatt.ScanHelper: onScanFilterParamsConfigured() - clientIf=3, status=0, action=0, availableSpace=0
04-06 03:49:02.292 32035 32093 D BtGatt.ScanHelper: onScanFilterParamsConfigured() - clientIf=3, status=0, action=0, availableSpace=0
04-06 03:49:02.292 32035 32093 D BtGatt.ScanHelper: onScanFilterParamsConfigured() - clientIf=3, status=0, action=0, availableSpace=0
04-06 03:49:02.292 32035 32093 D BtGatt.ScanHelper: onScanFilterParamsConfigured() - clientIf=3, status=0, action=0, availableSpace=0
04-06 03:49:02.292 32035 32093 D BtGatt.ScanHelper: onScanFilterParamsConfigured() - clientIf=3, status=0, action=0, availableSpace=0
04-06 03:49:02.294 32035 32107 I BtGatt.ScanManager: msg.what = MSG_STOP_BLE_SCAN, msg.arg1 = None
04-06 03:49:02.295 32035 32093 D BtGatt.ScanHelper: onScanFilterParamsConfigured() - clientIf=4, status=0, action=0, availableSpace=0
04-06 03:49:02.298 32035 32093 V BtGatt.ScanHelper: onScanResult() - eventType=0x1b, addressType=0, address=5A:C8:04:05:8B:59, primaryPhy=1, secondaryPhy=0, advertisingSid=0xff, txPower=127, rssi=-94, periodicAdvInt=0x0, originalAddress=00:00:00:00:00:00
04-06 03:49:02.299 32035 32093 V BtGatt.ScanHelper: onScanResult() - eventType=0x1b, addressType=0, address=5A:C8:04:05:8B:59, primaryPhy=1, secondaryPhy=0, advertisingSid=0xff, txPower=127, rssi=-92, periodicAdvInt=0x0, originalAddress=00:00:00:00:00:00
04-06 03:49:02.304 32035 32093 V BtGatt.ScanHelper: onScanResult() - eventType=0x1b, addressType=0, address=30:AF:7E:BE:89:C3, primaryPhy=1, secondaryPhy=0, advertisingSid=0xff, txPower=127, rssi=-91, periodicAdvInt=0x0, originalAddress=00:00:00:00:00:00
04-06 03:49:02.320 32035 32093 V BtGatt.ScanHelper: onScanResult() - eventType=0x10, addressType=0, address=30:AF:7E:BE:89:C3, primaryPhy=1, secondaryPhy=0, advertisingSid=0xff, txPower=127, rssi=-93, periodicAdvInt=0x0, originalAddress=00:00:00:00:00:00
04-06 03:49:02.331 32035 32093 V BtGatt.ScanHelper: onScanResult() - eventType=0x1b, addressType=0, address=30:AF:7E:BE:89:C3, primaryPhy=1, secondaryPhy=0, advertisingSid=0xff, txPower=127, rssi=-92, periodicAdvInt=0x0, originalAddress=00:00:00:00:00:00
04-06 03:49:02.338 32035 32093 V BtGatt.ScanHelper: onScanResult() - eventType=0x10, addressType=0, address=78:BD:BC:02:4E:67, primaryPhy=1, secondaryPhy=0, advertisingSid=0xff, txPower=127, rssi=-91, periodicAdvInt=0x0, originalAddress=00:00:00:00:00:00
04-06 03:49:02.342 32035 32093 V BtGatt.ScanHelper: onScanResult() - eventType=0x10, addressType=1, address=64:8B:1D:EF:82:38, primaryPhy=1, secondaryPhy=0, advertisingSid=0xff, txPower=127, rssi=-100, periodicAdvInt=0x0, originalAddress=00:00:00:00:00:00
04-06 03:49:02.343 32035 32093 V BtGatt.ScanHelper: onScanResult() - eventType=0x10, addressType=1, address=09:08:4A:47:6D:E9, primaryPhy=1, secondaryPhy=0, advertisingSid=0xff, txPower=127, rssi=-42, periodicAdvInt=0x0, originalAddress=00:00:00:00:00:00
04-06 03:49:02.347 32035 32093 V BtGatt.ScanHelper: onScanResult() - eventType=0x10, addressType=0, address=D0:03:DF:8E:81:83, primaryPhy=1, secondaryPhy=0, advertisingSid=0xff, txPower=127, rssi=-91, periodicAdvInt=0x0, originalAddress=00:00:00:00:00:00
04-06 03:49:02.357  9968  8009 D MiuiFastConnectService_Plugin: handleMessage: MSG_START_BLE_SCAN mode: 0
04-06 03:49:02.359 32035 32093 V BtGatt.ScanHelper: onScanResult() - eventType=0x1b, addressType=0, address=30:AF:7E:BE:89:C3, primaryPhy=1, secondaryPhy=0, advertisingSid=0xff, txPower=127, rssi=-91, periodicAdvInt=0x0, originalAddress=00:00:00:00:00:00
04-06 03:49:02.368 32035 32093 D BtGatt.ScanHelper: onScannerRegistered() - UUID=056bdcd9-90ad-454d-96b3-288d16799128, scannerId=3, status=0
04-06 03:49:02.369  9968 11526 D BluetoothLeScanner: onScannerRegistered() - status=0 scannerId=3 mScannerId=0
04-06 03:49:02.371 32035 32107 I BtGatt.ScanManager: msg.what = MSG_START_BLE_SCAN, msg.arg1 = None
04-06 03:49:02.372 32035 32093 D BtGatt.ScanHelper: onScanFilterEnableDisabled() - clientIf=3, status=0, action=1
04-06 03:49:02.376 32035 32093 D BtGatt.ScanHelper: onScannerRegistered() - UUID=7eb83222-023e-4bc1-8b08-9f2a50c867c8, scannerId=4, status=0
04-06 03:49:02.376 32035 32093 D BtGatt.ScanHelper: onScanFilterConfig() - clientIf=3, action = 0 status = 0, filterType=0, availableSpace=0
04-06 03:49:02.376  9968 11526 D BluetoothLeScanner: onScannerRegistered() - status=0 scannerId=4 mScannerId=0
04-06 03:49:02.377 32035 32093 D BtGatt.ScanHelper: onScanFilterParamsConfigured() - clientIf=3, status=0, action=0, availableSpace=0
04-06 03:49:02.379 32035 32093 D BtGatt.ScanHelper: onScanFilterConfig() - clientIf=3, action = 0 status = 0, filterType=0, availableSpace=0
04-06 03:49:02.380 32035 32093 D BtGatt.ScanHelper: onScanFilterParamsConfigured() - clientIf=3, status=0, action=0, availableSpace=0
04-06 03:49:02.380 32035 32093 D BtGatt.ScanHelper: onScanFilterConfig() - clientIf=3, action = 0 status = 0, filterType=0, availableSpace=0
04-06 03:49:02.381 32035 32093 D BtGatt.ScanHelper: onScanFilterParamsConfigured() - clientIf=3, status=0, action=0, availableSpace=0
04-06 03:49:02.381 32035 32093 D BtGatt.ScanHelper: onScanFilterConfig() - clientIf=3, action = 0 status = 0, filterType=0, availableSpace=0
04-06 03:49:02.382 32035 32093 D BtGatt.ScanHelper: onScanFilterParamsConfigured() - clientIf=3, status=0, action=0, availableSpace=0
04-06 03:49:02.382 32035 32093 D BtGatt.ScanHelper: onScanFilterConfig() - clientIf=3, action = 0 status = 0, filterType=0, availableSpace=0
04-06 03:49:02.382 32035 32093 D BtGatt.ScanHelper: onScanFilterParamsConfigured() - clientIf=3, status=0, action=0, availableSpace=0
04-06 03:49:02.382 32035 32093 D BtGatt.ScanHelper: onScanFilterConfig() - clientIf=3, action = 0 status = 0, filterType=0, availableSpace=0
04-06 03:49:02.382 32035 32093 D BtGatt.ScanHelper: onScanFilterParamsConfigured() - clientIf=3, status=0, action=0, availableSpace=0
04-06 03:49:02.382 32035 32107 I BtGatt.ScanManager: msg.what = MSG_START_BLE_SCAN, msg.arg1 = None
04-06 03:49:02.383 32035 32093 D BtGatt.ScanHelper: onScanFilterEnableDisabled() - clientIf=4, status=0, action=1
04-06 03:49:02.383 32035 32093 D BtGatt.ScanHelper: onScanFilterConfig() - clientIf=4, action = 0 status = 0, filterType=0, availableSpace=0
04-06 03:49:02.383 32035 32093 D BtGatt.ScanHelper: onScanFilterParamsConfigured() - clientIf=4, status=0, action=0, availableSpace=0
04-06 03:49:02.387 32035 32093 V BtGatt.ScanHelper: onScanResult() - eventType=0x1b, addressType=0, address=30:AF:7E:BE:89:C3, primaryPhy=1, secondaryPhy=0, advertisingSid=0xff, txPower=127, rssi=-92, periodicAdvInt=0x0, originalAddress=00:00:00:00:00:00
04-06 03:49:02.412 32035 32093 V BtGatt.ScanHelper: onScanResult() - eventType=0x1b, addressType=0, address=30:AF:7E:BE:89:C3, primaryPhy=1, secondaryPhy=0, advertisingSid=0xff, txPower=127, rssi=-91, periodicAdvInt=0x0, originalAddress=00:00:00:00:00:00
04-06 03:49:02.438 32035 32093 V BtGatt.ScanHelper: onScanResult() - eventType=0x1b, addressType=0, address=30:AF:7E:BE:89:C3, primaryPhy=1, secondaryPhy=0, advertisingSid=0xff, txPower=127, rssi=-91, periodicAdvInt=0x0, originalAddress=00:00:00:00:00:00
04-06 03:49:02.449 32035 32093 V BtGatt.ScanHelper: onScanResult() - eventType=0x10, addressType=1, address=09:08:4A:47:6D:E9, primaryPhy=1, secondaryPhy=0, advertisingSid=0xff, txPower=127, rssi=-44, periodicAdvInt=0x0, originalAddress=00:00:00:00:00:00
04-06 03:49:02.458 32035 32093 V BtGatt.ScanHelper: onScanResult() - eventType=0x1b, addressType=0, address=30:AF:7E:BE:89:C3, primaryPhy=1, secondaryPhy=0, advertisingSid=0xff, txPower=127, rssi=-91, periodicAdvInt=0x0, originalAddress=00:00:00:00:00:00
04-06 03:49:02.484 32035 32093 V BtGatt.ScanHelper: onScanResult() - eventType=0x1b, addressType=0, address=30:AF:7E:BE:89:C3, primaryPhy=1, secondaryPhy=0, advertisingSid=0xff, txPower=127, rssi=-90, periodicAdvInt=0x0, originalAddress=00:00:00:00:00:00
04-06 03:49:02.505 32035 32093 V BtGatt.ScanHelper: onScanResult() - eventType=0x1b, addressType=0, address=30:AF:7E:BE:89:C3, primaryPhy=1, secondaryPhy=0, advertisingSid=0xff, txPower=127, rssi=-86, periodicAdvInt=0x0, originalAddress=00:00:00:00:00:00
04-06 03:49:02.507 32035 32093 V BtGatt.ScanHelper: onScanResult() - eventType=0x10, addressType=0, address=D0:03:DF:8E:81:83, primaryPhy=1, secondaryPhy=0, advertisingSid=0xff, txPower=127, rssi=-95, periodicAdvInt=0x0, originalAddress=00:00:00:00:00:00
04-06 03:49:02.522 32035 32093 V BtGatt.ScanHelper: onScanResult() - eventType=0x1b, addressType=1, address=7C:BE:AE:D2:C6:68, primaryPhy=1, secondaryPhy=0, advertisingSid=0xff, txPower=127, rssi=-96, periodicAdvInt=0x0, originalAddress=00:00:00:00:00:00
04-06 03:49:02.527 32035 32093 V BtGatt.ScanHelper: onScanResult() - eventType=0x10, addressType=0, address=30:AF:7E:BE:89:C3, primaryPhy=1, secondaryPhy=0, advertisingSid=0xff, txPower=127, rssi=-86, periodicAdvInt=0x0, originalAddress=00:00:00:00:00:00
04-06 03:49:02.532 32035 32093 V BtGatt.ScanHelper: onScanResult() - eventType=0x1b, addressType=0, address=30:AF:7E:BE:89:C3, primaryPhy=1, secondaryPhy=0, advertisingSid=0xff, txPower=127, rssi=-86, periodicAdvInt=0x0, originalAddress=00:00:00:00:00:00
04-06 03:49:02.549 32035 32093 V BtGatt.ScanHelper: onScanResult() - eventType=0x10, addressType=1, address=09:08:4A:47:6D:E9, primaryPhy=1, secondaryPhy=0, advertisingSid=0xff, txPower=127, rssi=-50, periodicAdvInt=0x0, originalAddress=00:00:00:00:00:00
04-06 03:49:02.554 32035 32093 V BtGatt.ScanHelper: onScanResult() - eventType=0x1b, addressType=0, address=30:AF:7E:BE:89:C3, primaryPhy=1, secondaryPhy=0, advertisingSid=0xff, txPower=127, rssi=-86, periodicAdvInt=0x0, originalAddress=00:00:00:00:00:00
04-06 03:49:02.576 32035 32093 V BtGatt.ScanHelper: onScanResult() - eventType=0x1b, addressType=1, address=60:EA:6C:06:08:DF, primaryPhy=1, secondaryPhy=0, advertisingSid=0xff, txPower=127, rssi=-93, periodicAdvInt=0x0, originalAddress=00:00:00:00:00:00
04-06 03:49:02.589 32035 32093 V BtGatt.ScanHelper: onScanResult() - eventType=0x1b, addressType=0, address=30:AF:7E:BE:89:C3, primaryPhy=1, secondaryPhy=0, advertisingSid=0xff, txPower=127, rssi=-86, periodicAdvInt=0x0, originalAddress=00:00:00:00:00:00
04-06 03:49:02.610 32035 32093 V BtGatt.ScanHelper: onScanResult() - eventType=0x1b, addressType=0, address=30:AF:7E:BE:89:C3, primaryPhy=1, secondaryPhy=0, advertisingSid=0xff, txPower=127, rssi=-91, periodicAdvInt=0x0, originalAddress=00:00:00:00:00:00
04-06 03:49:02.628 32035 32093 V BtGatt.ScanHelper: onScanResult() - eventType=0x10, addressType=0, address=30:AF:7E:BE:89:C3, primaryPhy=1, secondaryPhy=0, advertisingSid=0xff, txPower=127, rssi=-92, periodicAdvInt=0x0, originalAddress=00:00:00:00:00:00
04-06 03:49:02.639 32035 32093 V BtGatt.ScanHelper: onScanResult() - eventType=0x10, addressType=0, address=78:BD:BC:02:4E:67, primaryPhy=1, secondaryPhy=0, advertisingSid=0xff, txPower=127, rssi=-92, periodicAdvInt=0x0, originalAddress=00:00:00:00:00:00
04-06 03:49:02.650 32035 32093 V BtGatt.ScanHelper: onScanResult() - eventType=0x10, addressType=0, address=D0:03:DF:8E:81:83, primaryPhy=1, secondaryPhy=0, advertisingSid=0xff, txPower=127, rssi=-91, periodicAdvInt=0x0, originalAddress=00:00:00:00:00:00
04-06 03:49:02.653 32035 32093 V BtGatt.ScanHelper: onScanResult() - eventType=0x10, addressType=1, address=77:A1:C6:A0:8E:8A, primaryPhy=1, secondaryPhy=0, advertisingSid=0xff, txPower=127, rssi=-99, periodicAdvInt=0x0, originalAddress=00:00:00:00:00:00
04-06 03:49:02.658 32035 32093 V BtGatt.ScanHelper: onScanResult() - eventType=0x10, addressType=1, address=64:8B:1D:EF:82:38, primaryPhy=1, secondaryPhy=0, advertisingSid=0xff, txPower=127, rssi=-104, periodicAdvInt=0x0, originalAddress=00:00:00:00:00:00
04-06 03:49:02.677 32035 32093 V BtGatt.ScanHelper: onScanResult() - eventType=0x10, addressType=1, address=41:06:27:A9:84:13, primaryPhy=1, secondaryPhy=0, advertisingSid=0xff, txPower=127, rssi=-102, periodicAdvInt=0x0, originalAddress=00:00:00:00:00:00
04-06 03:49:02.685 32035 32093 V BtGatt.ScanHelper: onScanResult() - eventType=0x1b, addressType=0, address=30:AF:7E:BE:89:C3, primaryPhy=1, secondaryPhy=0, advertisingSid=0xff, txPower=127, rssi=-91, periodicAdvInt=0x0, originalAddress=00:00:00:00:00:00
04-06 03:49:02.707 32035 32093 V BtGatt.ScanHelper: onScanResult() - eventType=0x1b, addressType=0, address=30:AF:7E:BE:89:C3, primaryPhy=1, secondaryPhy=0, advertisingSid=0xff, txPower=127, rssi=-90, periodicAdvInt=0x0, originalAddress=00:00:00:00:00:00
04-06 03:49:02.727 32035 32093 V BtGatt.ScanHelper: onScanResult() - eventType=0x1b, addressType=0, address=30:AF:7E:BE:89:C3, primaryPhy=1, secondaryPhy=0, advertisingSid=0xff, txPower=127, rssi=-90, periodicAdvInt=0x0, originalAddress=00:00:00:00:00:00
04-06 03:49:02.737 32035 32093 V BtGatt.ScanHelper: onScanResult() - eventType=0x10, addressType=0, address=30:AF:7E:BE:89:C3, primaryPhy=1, secondaryPhy=0, advertisingSid=0xff, txPower=127, rssi=-91, periodicAdvInt=0x0, originalAddress=00:00:00:00:00:00
04-06 03:49:02.748 32035 32093 V BtGatt.ScanHelper: onScanResult() - eventType=0x1b, addressType=0, address=30:AF:7E:BE:89:C3, primaryPhy=1, secondaryPhy=0, advertisingSid=0xff, txPower=127, rssi=-91, periodicAdvInt=0x0, originalAddress=00:00:00:00:00:00
04-06 03:49:02.770 32035 32093 V BtGatt.ScanHelper: onScanResult() - eventType=0x10, addressType=1, address=09:08:4A:47:6D:E9, primaryPhy=1, secondaryPhy=0, advertisingSid=0xff, txPower=127, rssi=-51, periodicAdvInt=0x0, originalAddress=00:00:00:00:00:00
04-06 03:49:02.778 32035 32093 V BtGatt.ScanHelper: onScanResult() - eventType=0x1b, addressType=0, address=30:AF:7E:BE:89:C3, primaryPhy=1, secondaryPhy=0, advertisingSid=0xff, txPower=127, rssi=-90, periodicAdvInt=0x0, originalAddress=00:00:00:00:00:00
04-06 03:49:02.802 32035 32093 V BtGatt.ScanHelper: onScanResult() - eventType=0x1b, addressType=1, address=7C:BE:AE:D2:C6:68, primaryPhy=1, secondaryPhy=0, advertisingSid=0xff, txPower=127, rssi=-96, periodicAdvInt=0x0, originalAddress=00:00:00:00:00:00
04-06 03:49:02.807 32035 32093 V BtGatt.ScanHelper: onScanResult() - eventType=0x1b, addressType=0, address=30:AF:7E:BE:89:C3, primaryPhy=1, secondaryPhy=0, advertisingSid=0xff, txPower=127, rssi=-85, periodicAdvInt=0x0, originalAddress=00:00:00:00:00:00
04-06 03:49:02.835 32035 32093 V BtGatt.ScanHelper: onScanResult() - eventType=0x1b, addressType=0, address=30:AF:7E:BE:89:C3, primaryPhy=1, secondaryPhy=0, advertisingSid=0xff, txPower=127, rssi=-85, periodicAdvInt=0x0, originalAddress=00:00:00:00:00:00
04-06 03:49:02.840 32035 32093 V BtGatt.ScanHelper: onScanResult() - eventType=0x10, addressType=0, address=30:AF:7E:BE:89:C3, primaryPhy=1, secondaryPhy=0, advertisingSid=0xff, txPower=127, rssi=-84, periodicAdvInt=0x0, originalAddress=00:00:00:00:00:00
04-06 03:49:02.851 32035 32093 V BtGatt.ScanHelper: onScanResult() - eventType=0x1b, addressType=1, address=60:EA:6C:06:08:DF, primaryPhy=1, secondaryPhy=0, advertisingSid=0xff, txPower=127, rssi=-91, periodicAdvInt=0x0, originalAddress=00:00:00:00:00:00
04-06 03:49:02.860 32035 32093 V BtGatt.ScanHelper: onScanResult() - eventType=0x10, addressType=1, address=41:06:27:A9:84:13, primaryPhy=1, secondaryPhy=0, advertisingSid=0xff, txPower=127, rssi=-103, periodicAdvInt=0x0, originalAddress=00:00:00:00:00:00
04-06 03:49:02.873 32035 32093 V BtGatt.ScanHelper: onScanResult() - eventType=0x10, addressType=1, address=09:08:4A:47:6D:E9, primaryPhy=1, secondaryPhy=0, advertisingSid=0xff, txPower=127, rssi=-48, periodicAdvInt=0x0, originalAddress=00:00:00:00:00:00
04-06 03:49:02.879 32035 32093 V BtGatt.ScanHelper: onScanResult() - eventType=0x1b, addressType=0, address=30:AF:7E:BE:89:C3, primaryPhy=1, secondaryPhy=0, advertisingSid=0xff, txPower=127, rssi=-84, periodicAdvInt=0x0, originalAddress=00:00:00:00:00:00
04-06 03:49:02.902 32035 32093 V BtGatt.ScanHelper: onScanResult() - eventType=0x1b, addressType=0, address=30:AF:7E:BE:89:C3, primaryPhy=1, secondaryPhy=0, advertisingSid=0xff, txPower=127, rssi=-84, periodicAdvInt=0x0, originalAddress=00:00:00:00:00:00
04-06 03:49:02.928 32035 32093 V BtGatt.ScanHelper: onScanResult() - eventType=0x1b, addressType=0, address=30:AF:7E:BE:89:C3, primaryPhy=1, secondaryPhy=0, advertisingSid=0xff, txPower=127, rssi=-89, periodicAdvInt=0x0, originalAddress=00:00:00:00:00:00
04-06 03:49:02.943 32035 32093 V BtGatt.ScanHelper: onScanResult() - eventType=0x10, addressType=0, address=78:BD:BC:02:4E:67, primaryPhy=1, secondaryPhy=0, advertisingSid=0xff, txPower=127, rssi=-90, periodicAdvInt=0x0, originalAddress=00:00:00:00:00:00
04-06 03:49:02.947 32035 32093 V BtGatt.ScanHelper: onScanResult() - eventType=0x1b, addressType=0, address=30:AF:7E:BE:89:C3, primaryPhy=1, secondaryPhy=0, advertisingSid=0xff, txPower=127, rssi=-89, periodicAdvInt=0x0, originalAddress=00:00:00:00:00:00
04-06 03:49:02.973 32035 32093 V BtGatt.ScanHelper: onScanResult() - eventType=0x1b, addressType=0, address=30:AF:7E:BE:89:C3, primaryPhy=1, secondaryPhy=0, advertisingSid=0xff, txPower=127, rssi=-90, periodicAdvInt=0x0, originalAddress=00:00:00:00:00:00
04-06 03:49:02.981 32035 32093 V BtGatt.ScanHelper: onScanResult() - eventType=0x10, addressType=1, address=09:08:4A:47:6D:E9, primaryPhy=1, secondaryPhy=0, advertisingSid=0xff, txPower=127, rssi=-48, periodicAdvInt=0x0, originalAddress=00:00:00:00:00:00
04-06 03:49:02.995 32035 32093 V BtGatt.ScanHelper: onScanResult() - eventType=0x1b, addressType=0, address=00:13:43:D5:21:5D, primaryPhy=1, secondaryPhy=0, advertisingSid=0xff, txPower=127, rssi=-69, periodicAdvInt=0x0, originalAddress=00:00:00:00:00:00
04-06 03:49:03.005 32035 32093 V BtGatt.ScanHelper: onScanResult() - eventType=0x1b, addressType=0, address=30:AF:7E:BE:89:C3, primaryPhy=1, secondaryPhy=0, advertisingSid=0xff, txPower=127, rssi=-90, periodicAdvInt=0x0, originalAddress=00:00:00:00:00:00
04-06 03:49:03.031 32035 32093 V BtGatt.ScanHelper: onScanResult() - eventType=0x1b, addressType=0, address=30:AF:7E:BE:89:C3, primaryPhy=1, secondaryPhy=0, advertisingSid=0xff, txPower=127, rssi=-91, periodicAdvInt=0x0, originalAddress=00:00:00:00:00:00
04-06 03:49:03.048 32035 32093 V BtGatt.ScanHelper: onScanResult() - eventType=0x10, addressType=0, address=30:AF:7E:BE:89:C3, primaryPhy=1, secondaryPhy=0, advertisingSid=0xff, txPower=127, rssi=-90, periodicAdvInt=0x0, originalAddress=00:00:00:00:00:00
04-06 03:49:03.055 32035 32093 V BtGatt.ScanHelper: onScanResult() - eventType=0x1b, addressType=0, address=30:AF:7E:BE:89:C3, primaryPhy=1, secondaryPhy=0, advertisingSid=0xff, txPower=127, rssi=-90, periodicAdvInt=0x0, originalAddress=00:00:00:00:00:00
04-06 03:49:03.079 32035 32093 V BtGatt.ScanHelper: onScanResult() - eventType=0x1b, addressType=0, address=30:AF:7E:BE:89:C3, primaryPhy=1, secondaryPhy=0, advertisingSid=0xff, txPower=127, rssi=-90, periodicAdvInt=0x0, originalAddress=00:00:00:00:00:00
04-06 03:49:03.092 32035 32093 V BtGatt.ScanHelper: onScanResult() - eventType=0x10, addressType=1, address=09:08:4A:47:6D:E9, primaryPhy=1, secondaryPhy=0, advertisingSid=0xff, txPower=127, rssi=-48, periodicAdvInt=0x0, originalAddress=00:00:00:00:00:00
04-06 03:49:03.125 32035 32093 V BtGatt.ScanHelper: onScanResult() - eventType=0x1b, addressType=1, address=60:EA:6C:06:08:DF, primaryPhy=1, secondaryPhy=0, advertisingSid=0xff, txPower=127, rssi=-91, periodicAdvInt=0x0, originalAddress=00:00:00:00:00:00
04-06 03:49:03.143 32035 32093 V BtGatt.ScanHelper: onScanResult() - eventType=0x1b, addressType=0, address=30:AF:7E:BE:89:C3, primaryPhy=1, secondaryPhy=0, advertisingSid=0xff, txPower=127, rssi=-84, periodicAdvInt=0x0, originalAddress=00:00:00:00:00:00
04-06 03:49:03.153 32035 32093 V BtGatt.ScanHelper: onScanResult() - eventType=0x10, addressType=0, address=30:AF:7E:BE:89:C3, primaryPhy=1, secondaryPhy=0, advertisingSid=0xff, txPower=127, rssi=-84, periodicAdvInt=0x0, originalAddress=00:00:00:00:00:00
04-06 03:49:03.174 32035 32093 V BtGatt.ScanHelper: onScanResult() - eventType=0x1b, addressType=0, address=30:AF:7E:BE:89:C3, primaryPhy=1, secondaryPhy=0, advertisingSid=0xff, txPower=127, rssi=-84, periodicAdvInt=0x0, originalAddress=00:00:00:00:00:00
04-06 03:49:03.198 32035 32093 V BtGatt.ScanHelper: onScanResult() - eventType=0x10, addressType=1, address=09:08:4A:47:6D:E9, primaryPhy=1, secondaryPhy=0, advertisingSid=0xff, txPower=127, rssi=-51, periodicAdvInt=0x0, originalAddress=00:00:00:00:00:00
04-06 03:49:03.204 32035 32093 V BtGatt.ScanHelper: onScanResult() - eventType=0x1b, addressType=0, address=30:AF:7E:BE:89:C3, primaryPhy=1, secondaryPhy=0, advertisingSid=0xff, txPower=127, rssi=-89, periodicAdvInt=0x0, originalAddress=00:00:00:00:00:00
