04-06 03:48:14.275 30288 11696 I NearbyMediums: No BLE Fast/GATT advertisements found in the latest cycle.
04-06 03:48:24.277 30288 12567 I NearbyMediums: No BLE Fast/GATT advertisements found in the latest cycle.
04-06 03:48:34.278 30288 11696 I NearbyMediums: No BLE Fast/GATT advertisements found in the latest cycle.
04-06 03:48:44.279 30288 12567 I NearbyMediums: No BLE Fast/GATT advertisements found in the latest cycle.
04-06 03:48:54.282 30288 11696 I NearbyMediums: No BLE Fast/GATT advertisements found in the latest cycle.
04-06 03:48:54.476 30257 30257 D CompatChangeReporter: Compat change id reported: 202956589; UID 10426; state: ENABLED
04-06 03:48:54.497  2526  5813 W OptProp : Cannot read opt property android.window.PROPERTY_COMPAT_ALLOW_RESIZEABLE_ACTIVITY_OVERRIDES
04-06 03:48:54.507  2526  5813 D WindowManager: setLockTaskAuth: task=Task{344a2ef #148 type=standard A=10426:com.glmreader.android} mLockTaskAuth=LOCK_TASK_AUTH_PINNABLE
04-06 03:48:54.510  2526  5813 D WindowManager: setLockTaskAuth: task=Task{344a2ef #148 type=standard A=10426:com.glmreader.android} mLockTaskAuth=LOCK_TASK_AUTH_PINNABLE
04-06 03:48:54.522  2526  5813 D CompatChangeReporter: Compat change id reported: 324203798; UID 10426; state: ENABLED
04-06 03:48:54.531  2526  5813 I ActivityTaskManager: START u0 {act=android.intent.action.MAIN cat=[android.intent.category.LAUNCHER] flg=0x10200000 cmp=com.glmreader.android/.ui.ProjectListActivity bnds=[37,12][166,141] (has extras)} with LAUNCH_MULTIPLE from uid 10144 from pid 4796 callingPackage com.mi.android.globallauncher (BAL_ALLOW_VISIBLE_WINDOW) result code=0
04-06 03:48:54.756 30257 30257 D CompatChangeReporter: Compat change id reported: 279646685; UID 10426; state: ENABLED
04-06 03:48:54.805 30257 30257 D CompatChangeReporter: Compat change id reported: 309578419; UID 10426; state: ENABLED
04-06 03:48:54.819 30257 30257 D CompatChangeReporter: Compat change id reported: 63938206; UID 10426; state: ENABLED
04-06 03:48:54.875 30257 30257 D CompatChangeReporter: Compat change id reported: 352594277; UID 10426; state: ENABLED
04-06 03:48:55.387 32035 32093 D BtGatt.ScanHelper: onScanParamSetupCompleted : 0
04-06 03:48:57.598  2526  3517 W OptProp : Cannot read opt property android.window.PROPERTY_COMPAT_ALLOW_RESIZEABLE_ACTIVITY_OVERRIDES
04-06 03:48:57.601  2526  3517 D WindowManager: setLockTaskAuth: task=Task{344a2ef #148 type=standard A=10426:com.glmreader.android} mLockTaskAuth=LOCK_TASK_AUTH_PINNABLE
04-06 03:48:57.609  2526  3517 I ActivityTaskManager: START u0 {cmp=com.glmreader.android/.ui.MeasurementListActivity (has extras)} with LAUNCH_MULTIPLE from uid 10426 from pid 30257 callingPackage com.glmreader.android (BAL_ALLOW_VISIBLE_WINDOW) result code=0
04-06 03:48:57.668 30257 30257 D MainActivity: BLE Manager created
04-06 03:48:57.668 30257 30257 D MainActivity: Callbacks setup done
04-06 03:48:57.668 30257 30257 D MainActivity: checkPermissionsAndScan start
04-06 03:48:57.668 30257 30257 D MainActivity: Permissions: android.permission.BLUETOOTH_SCAN, android.permission.BLUETOOTH_CONNECT
04-06 03:48:57.668 30257 30257 D MainActivity: All permissions granted: true
04-06 03:48:57.668 30257 30257 D BLE     : Scan started (no filter)
04-06 03:48:57.673 32035 32093 D BtGatt.ScanHelper: onScannerRegistered() - UUID=75a9debd-9f46-4397-b91c-36f17a3d4cc1, scannerId=6, status=0
04-06 03:48:57.673 30257 16413 D BluetoothLeScanner: onScannerRegistered() - status=0 scannerId=6 mScannerId=0
04-06 03:48:57.675 32035 32107 I BtGatt.ScanManager: msg.what = MSG_START_BLE_SCAN, msg.arg1 = None
04-06 03:48:57.675 30257 30257 D BLE     : Scanner started successfully
04-06 03:48:57.675 30257 30257 D MainActivity: checkPermissionsAndScan called
04-06 03:48:57.677 32035 32093 D BtGatt.ScanHelper: onScanFilterEnableDisabled() - clientIf=6, status=0, action=1
04-06 03:48:57.680 32035 32093 D BtGatt.ScanHelper: onScanFilterParamsConfigured() - clientIf=6, status=0, action=0, availableSpace=0
04-06 03:48:57.682 32035 32093 D BtGatt.ScanHelper: onScanParamSetupCompleted : 0
04-06 03:48:57.717 32035 32093 V BtGatt.ScanHelper: onScanResult() - eventType=0x1b, addressType=0, address=30:AF:7E:BE:89:C3, primaryPhy=1, secondaryPhy=0, advertisingSid=0xff, txPower=127, rssi=-83, periodicAdvInt=0x0, originalAddress=00:00:00:00:00:00
04-06 03:48:57.740 30257 30257 D MULTI_WINDOW_SWITCH_ENABLED: false
04-06 03:48:57.743 32035 32093 V BtGatt.ScanHelper: onScanResult() - eventType=0x1b, addressType=0, address=30:AF:7E:BE:89:C3, primaryPhy=1, secondaryPhy=0, advertisingSid=0xff, txPower=127, rssi=-83, periodicAdvInt=0x0, originalAddress=00:00:00:00:00:00
04-06 03:48:57.748 32035 32093 V BtGatt.ScanHelper: onScanResult() - eventType=0x10, addressType=1, address=09:08:4A:47:6D:E9, primaryPhy=1, secondaryPhy=0, advertisingSid=0xff, txPower=127, rssi=-50, periodicAdvInt=0x0, originalAddress=00:00:00:00:00:00
04-06 03:48:57.771 32035 32093 V BtGatt.ScanHelper: onScanResult() - eventType=0x1b, addressType=0, address=30:AF:7E:BE:89:C3, primaryPhy=1, secondaryPhy=0, advertisingSid=0xff, txPower=127, rssi=-83, periodicAdvInt=0x0, originalAddress=00:00:00:00:00:00
04-06 03:48:57.786 32035 32093 V BtGatt.ScanHelper: onScanResult() - eventType=0x10, addressType=0, address=78:BD:BC:02:4E:67, primaryPhy=1, secondaryPhy=0, advertisingSid=0xff, txPower=127, rssi=-98, periodicAdvInt=0x0, originalAddress=00:00:00:00:00:00
04-06 03:48:57.802 32035 32093 V BtGatt.ScanHelper: onScanResult() - eventType=0x1b, addressType=0, address=30:AF:7E:BE:89:C3, primaryPhy=1, secondaryPhy=0, advertisingSid=0xff, txPower=127, rssi=-89, periodicAdvInt=0x0, originalAddress=00:00:00:00:00:00
04-06 03:48:57.814 32035 32093 V BtGatt.ScanHelper: onScanResult() - eventType=0x1b, addressType=1, address=58:DF:80:33:94:0A, primaryPhy=1, secondaryPhy=0, advertisingSid=0xff, txPower=127, rssi=-99, periodicAdvInt=0x0, originalAddress=00:00:00:00:00:00
04-06 03:48:57.818 32035 32093 V BtGatt.ScanHelper: onScanResult() - eventType=0x10, addressType=0, address=30:AF:7E:BE:89:C3, primaryPhy=1, secondaryPhy=0, advertisingSid=0xff, txPower=127, rssi=-89, periodicAdvInt=0x0, originalAddress=00:00:00:00:00:00
04-06 03:48:57.828 32035 32093 V BtGatt.ScanHelper: onScanResult() - eventType=0x1b, addressType=0, address=30:AF:7E:BE:89:C3, primaryPhy=1, secondaryPhy=0, advertisingSid=0xff, txPower=127, rssi=-89, periodicAdvInt=0x0, originalAddress=00:00:00:00:00:00
04-06 03:48:57.849 32035 32093 V BtGatt.ScanHelper: onScanResult() - eventType=0x10, addressType=0, address=D0:03:DF:8E:81:83, primaryPhy=1, secondaryPhy=0, advertisingSid=0xff, txPower=127, rssi=-95, periodicAdvInt=0x0, originalAddress=00:00:00:00:00:00
04-06 03:48:57.854 32035 32093 V BtGatt.ScanHelper: onScanResult() - eventType=0x1b, addressType=0, address=30:AF:7E:BE:89:C3, primaryPhy=1, secondaryPhy=0, advertisingSid=0xff, txPower=127, rssi=-89, periodicAdvInt=0x0, originalAddress=00:00:00:00:00:00
04-06 03:48:57.870 32035 32093 V BtGatt.ScanHelper: onScanResult() - eventType=0x10, addressType=1, address=09:08:4A:47:6D:E9, primaryPhy=1, secondaryPhy=0, advertisingSid=0xff, txPower=127, rssi=-51, periodicAdvInt=0x0, originalAddress=00:00:00:00:00:00
04-06 03:48:57.879 32035 32093 V BtGatt.ScanHelper: onScanResult() - eventType=0x1b, addressType=0, address=30:AF:7E:BE:89:C3, primaryPhy=1, secondaryPhy=0, advertisingSid=0xff, txPower=127, rssi=-89, periodicAdvInt=0x0, originalAddress=00:00:00:00:00:00
04-06 03:48:57.901 32035 32093 V BtGatt.ScanHelper: onScanResult() - eventType=0x1b, addressType=0, address=30:AF:7E:BE:89:C3, primaryPhy=1, secondaryPhy=0, advertisingSid=0xff, txPower=127, rssi=-91, periodicAdvInt=0x0, originalAddress=00:00:00:00:00:00
04-06 03:48:57.915 32035 32093 V BtGatt.ScanHelper: onScanResult() - eventType=0x1b, addressType=1, address=60:EA:6C:06:08:DF, primaryPhy=1, secondaryPhy=0, advertisingSid=0xff, txPower=127, rssi=-92, periodicAdvInt=0x0, originalAddress=00:00:00:00:00:00
04-06 03:48:57.923 32035 32093 V BtGatt.ScanHelper: onScanResult() - eventType=0x1b, addressType=0, address=30:AF:7E:BE:89:C3, primaryPhy=1, secondaryPhy=0, advertisingSid=0xff, txPower=127, rssi=-89, periodicAdvInt=0x0, originalAddress=00:00:00:00:00:00
04-06 03:48:57.947 32035 32093 V BtGatt.ScanHelper: onScanResult() - eventType=0x1b, addressType=0, address=30:AF:7E:BE:89:C3, primaryPhy=1, secondaryPhy=0, advertisingSid=0xff, txPower=127, rssi=-90, periodicAdvInt=0x0, originalAddress=00:00:00:00:00:00
04-06 03:48:57.972 32035 32093 V BtGatt.ScanHelper: onScanResult() - eventType=0x1b, addressType=0, address=30:AF:7E:BE:89:C3, primaryPhy=1, secondaryPhy=0, advertisingSid=0xff, txPower=127, rssi=-89, periodicAdvInt=0x0, originalAddress=00:00:00:00:00:00
04-06 03:48:58.017 32035 32093 V BtGatt.ScanHelper: onScanResult() - eventType=0x10, addressType=0, address=30:AF:7E:BE:89:C3, primaryPhy=1, secondaryPhy=0, advertisingSid=0xff, txPower=127, rssi=-85, periodicAdvInt=0x0, originalAddress=00:00:00:00:00:00
04-06 03:48:58.022 32035 32093 V BtGatt.ScanHelper: onScanResult() - eventType=0x1b, addressType=0, address=30:AF:7E:BE:89:C3, primaryPhy=1, secondaryPhy=0, advertisingSid=0xff, txPower=127, rssi=-83, periodicAdvInt=0x0, originalAddress=00:00:00:00:00:00
04-06 03:48:58.079 32035 32093 V BtGatt.ScanHelper: onScanResult() - eventType=0x1b, addressType=0, address=30:AF:7E:BE:89:C3, primaryPhy=1, secondaryPhy=0, advertisingSid=0xff, txPower=127, rssi=-83, periodicAdvInt=0x0, originalAddress=00:00:00:00:00:00
04-06 03:48:58.082 32035 32093 V BtGatt.ScanHelper: onScanResult() - eventType=0x10, addressType=1, address=09:08:4A:47:6D:E9, primaryPhy=1, secondaryPhy=0, advertisingSid=0xff, txPower=127, rssi=-50, periodicAdvInt=0x0, originalAddress=00:00:00:00:00:00
04-06 03:48:58.103 32035 32093 V BtGatt.ScanHelper: onScanResult() - eventType=0x1b, addressType=0, address=30:AF:7E:BE:89:C3, primaryPhy=1, secondaryPhy=0, advertisingSid=0xff, txPower=127, rssi=-89, periodicAdvInt=0x0, originalAddress=00:00:00:00:00:00
04-06 03:48:58.118 32035 32093 V BtGatt.ScanHelper: onScanResult() - eventType=0x10, addressType=0, address=30:AF:7E:BE:89:C3, primaryPhy=1, secondaryPhy=0, advertisingSid=0xff, txPower=127, rssi=-89, periodicAdvInt=0x0, originalAddress=00:00:00:00:00:00
04-06 03:48:58.151 32035 32093 V BtGatt.ScanHelper: onScanResult() - eventType=0x1b, addressType=0, address=30:AF:7E:BE:89:C3, primaryPhy=1, secondaryPhy=0, advertisingSid=0xff, txPower=127, rssi=-89, periodicAdvInt=0x0, originalAddress=00:00:00:00:00:00
04-06 03:48:58.171 32035 32093 V BtGatt.ScanHelper: onScanResult() - eventType=0x1b, addressType=0, address=00:13:43:D5:21:5D, primaryPhy=1, secondaryPhy=0, advertisingSid=0xff, txPower=127, rssi=-66, periodicAdvInt=0x0, originalAddress=00:00:00:00:00:00
04-06 03:48:58.176 32035 32093 V BtGatt.ScanHelper: onScanResult() - eventType=0x1b, addressType=0, address=30:AF:7E:BE:89:C3, primaryPhy=1, secondaryPhy=0, advertisingSid=0xff, txPower=127, rssi=-89, periodicAdvInt=0x0, originalAddress=00:00:00:00:00:00
04-06 03:48:58.183 32035 32093 V BtGatt.ScanHelper: onScanResult() - eventType=0x10, addressType=1, address=09:08:4A:47:6D:E9, primaryPhy=1, secondaryPhy=0, advertisingSid=0xff, txPower=127, rssi=-51, periodicAdvInt=0x0, originalAddress=00:00:00:00:00:00
04-06 03:48:58.187 32035 32093 V BtGatt.ScanHelper: onScanResult() - eventType=0x10, addressType=0, address=D0:03:DF:8E:81:83, primaryPhy=1, secondaryPhy=0, advertisingSid=0xff, txPower=127, rssi=-95, periodicAdvInt=0x0, originalAddress=00:00:00:00:00:00
04-06 03:48:58.190 32035 32093 V BtGatt.ScanHelper: onScanResult() - eventType=0x1b, addressType=1, address=60:EA:6C:06:08:DF, primaryPhy=1, secondaryPhy=0, advertisingSid=0xff, txPower=127, rssi=-96, periodicAdvInt=0x0, originalAddress=00:00:00:00:00:00
04-06 03:48:58.198 32035 32093 V BtGatt.ScanHelper: onScanResult() - eventType=0x1b, addressType=0, address=30:AF:7E:BE:89:C3, primaryPhy=1, secondaryPhy=0, advertisingSid=0xff, txPower=127, rssi=-88, periodicAdvInt=0x0, originalAddress=00:00:00:00:00:00
04-06 03:48:58.219 32035 32093 V BtGatt.ScanHelper: onScanResult() - eventType=0x1b, addressType=0, address=30:AF:7E:BE:89:C3, primaryPhy=1, secondaryPhy=0, advertisingSid=0xff, txPower=127, rssi=-89, periodicAdvInt=0x0, originalAddress=00:00:00:00:00:00
04-06 03:48:58.227 32035 32093 V BtGatt.ScanHelper: onScanResult() - eventType=0x10, addressType=0, address=30:AF:7E:BE:89:C3, primaryPhy=1, secondaryPhy=0, advertisingSid=0xff, txPower=127, rssi=-89, periodicAdvInt=0x0, originalAddress=00:00:00:00:00:00
04-06 03:48:58.244 32035 32093 V BtGatt.ScanHelper: onScanResult() - eventType=0x1b, addressType=0, address=30:AF:7E:BE:89:C3, primaryPhy=1, secondaryPhy=0, advertisingSid=0xff, txPower=127, rssi=-90, periodicAdvInt=0x0, originalAddress=00:00:00:00:00:00
04-06 03:48:58.267 32035 32093 V BtGatt.ScanHelper: onScanResult() - eventType=0x1b, addressType=0, address=30:AF:7E:BE:89:C3, primaryPhy=1, secondaryPhy=0, advertisingSid=0xff, txPower=127, rssi=-89, periodicAdvInt=0x0, originalAddress=00:00:00:00:00:00
04-06 03:48:58.284 32035 32093 V BtGatt.ScanHelper: onScanResult() - eventType=0x10, addressType=1, address=09:08:4A:47:6D:E9, primaryPhy=1, secondaryPhy=0, advertisingSid=0xff, txPower=127, rssi=-49, periodicAdvInt=0x0, originalAddress=00:00:00:00:00:00
04-06 03:48:58.291 32035 32093 V BtGatt.ScanHelper: onScanResult() - eventType=0x1b, addressType=0, address=30:AF:7E:BE:89:C3, primaryPhy=1, secondaryPhy=0, advertisingSid=0xff, txPower=127, rssi=-89, periodicAdvInt=0x0, originalAddress=00:00:00:00:00:00
04-06 03:48:58.318 32035 32093 V BtGatt.ScanHelper: onScanResult() - eventType=0x1b, addressType=0, address=30:AF:7E:BE:89:C3, primaryPhy=1, secondaryPhy=0, advertisingSid=0xff, txPower=127, rssi=-83, periodicAdvInt=0x0, originalAddress=00:00:00:00:00:00
04-06 03:48:58.325 32035 32093 V BtGatt.ScanHelper: onScanResult() - eventType=0x10, addressType=0, address=30:AF:7E:BE:89:C3, primaryPhy=1, secondaryPhy=0, advertisingSid=0xff, txPower=127, rssi=-85, periodicAdvInt=0x0, originalAddress=00:00:00:00:00:00
04-06 03:48:58.343 32035 32093 V BtGatt.ScanHelper: onScanResult() - eventType=0x1b, addressType=0, address=30:AF:7E:BE:89:C3, primaryPhy=1, secondaryPhy=0, advertisingSid=0xff, txPower=127, rssi=-83, periodicAdvInt=0x0, originalAddress=00:00:00:00:00:00
04-06 03:48:58.371 32035 32093 V BtGatt.ScanHelper: onScanResult() - eventType=0x1b, addressType=0, address=30:AF:7E:BE:89:C3, primaryPhy=1, secondaryPhy=0, advertisingSid=0xff, txPower=127, rssi=-83, periodicAdvInt=0x0, originalAddress=00:00:00:00:00:00
04-06 03:48:58.386 32035 32093 V BtGatt.ScanHelper: onScanResult() - eventType=0x10, addressType=1, address=09:08:4A:47:6D:E9, primaryPhy=1, secondaryPhy=0, advertisingSid=0xff, txPower=127, rssi=-52, periodicAdvInt=0x0, originalAddress=00:00:00:00:00:00
04-06 03:48:58.398 32035 32093 V BtGatt.ScanHelper: onScanResult() - eventType=0x1b, addressType=0, address=30:AF:7E:BE:89:C3, primaryPhy=1, secondaryPhy=0, advertisingSid=0xff, txPower=127, rssi=-83, periodicAdvInt=0x0, originalAddress=00:00:00:00:00:00
04-06 03:48:58.408 32035 32093 V BtGatt.ScanHelper: onScanResult() - eventType=0x1b, addressType=1, address=42:C9:59:B8:F2:37, primaryPhy=1, secondaryPhy=0, advertisingSid=0xff, txPower=127, rssi=-105, periodicAdvInt=0x0, originalAddress=00:00:00:00:00:00
04-06 03:48:58.419 32035 32093 V BtGatt.ScanHelper: onScanResult() - eventType=0x1b, addressType=0, address=30:AF:7E:BE:89:C3, primaryPhy=1, secondaryPhy=0, advertisingSid=0xff, txPower=127, rssi=-88, periodicAdvInt=0x0, originalAddress=00:00:00:00:00:00
04-06 03:48:58.439 32035 32093 V BtGatt.ScanHelper: onScanResult() - eventType=0x10, addressType=1, address=77:A1:C6:A0:8E:8A, primaryPhy=1, secondaryPhy=0, advertisingSid=0xff, txPower=127, rssi=-100, periodicAdvInt=0x0, originalAddress=00:00:00:00:00:00
04-06 03:48:58.448 32035 32093 V BtGatt.ScanHelper: onScanResult() - eventType=0x1b, addressType=0, address=30:AF:7E:BE:89:C3, primaryPhy=1, secondaryPhy=0, advertisingSid=0xff, txPower=127, rssi=-89, periodicAdvInt=0x0, originalAddress=00:00:00:00:00:00
04-06 03:48:58.474 32035 32093 V BtGatt.ScanHelper: onScanResult() - eventType=0x10, addressType=0, address=D0:03:DF:8E:81:83, primaryPhy=1, secondaryPhy=0, advertisingSid=0xff, txPower=127, rssi=-94, periodicAdvInt=0x0, originalAddress=00:00:00:00:00:00
04-06 03:48:58.477 32035 32093 V BtGatt.ScanHelper: onScanResult() - eventType=0x1b, addressType=0, address=30:AF:7E:BE:89:C3, primaryPhy=1, secondaryPhy=0, advertisingSid=0xff, txPower=127, rssi=-89, periodicAdvInt=0x0, originalAddress=00:00:00:00:00:00
04-06 03:48:58.490 32035 32093 V BtGatt.ScanHelper: onScanResult() - eventType=0x10, addressType=1, address=09:08:4A:47:6D:E9, primaryPhy=1, secondaryPhy=0, advertisingSid=0xff, txPower=127, rssi=-50, periodicAdvInt=0x0, originalAddress=00:00:00:00:00:00
04-06 03:48:58.502 32035 32093 V BtGatt.ScanHelper: onScanResult() - eventType=0x1b, addressType=0, address=30:AF:7E:BE:89:C3, primaryPhy=1, secondaryPhy=0, advertisingSid=0xff, txPower=127, rssi=-89, periodicAdvInt=0x0, originalAddress=00:00:00:00:00:00
04-06 03:48:58.530 32035 32093 V BtGatt.ScanHelper: onScanResult() - eventType=0x1b, addressType=0, address=30:AF:7E:BE:89:C3, primaryPhy=1, secondaryPhy=0, advertisingSid=0xff, txPower=127, rssi=-89, periodicAdvInt=0x0, originalAddress=00:00:00:00:00:00
04-06 03:48:58.540 32035 32093 V BtGatt.ScanHelper: onScanResult() - eventType=0x10, addressType=0, address=30:AF:7E:BE:89:C3, primaryPhy=1, secondaryPhy=0, advertisingSid=0xff, txPower=127, rssi=-89, periodicAdvInt=0x0, originalAddress=00:00:00:00:00:00
04-06 03:48:58.552 32035 32093 V BtGatt.ScanHelper: onScanResult() - eventType=0x1b, addressType=0, address=30:AF:7E:BE:89:C3, primaryPhy=1, secondaryPhy=0, advertisingSid=0xff, txPower=127, rssi=-89, periodicAdvInt=0x0, originalAddress=00:00:00:00:00:00
04-06 03:48:58.572 32035 32093 V BtGatt.ScanHelper: onScanResult() - eventType=0x1b, addressType=0, address=30:AF:7E:BE:89:C3, primaryPhy=1, secondaryPhy=0, advertisingSid=0xff, txPower=127, rssi=-90, periodicAdvInt=0x0, originalAddress=00:00:00:00:00:00
04-06 03:48:58.599 32035 32093 V BtGatt.ScanHelper: onScanResult() - eventType=0x1b, addressType=0, address=30:AF:7E:BE:89:C3, primaryPhy=1, secondaryPhy=0, advertisingSid=0xff, txPower=127, rssi=-89, periodicAdvInt=0x0, originalAddress=00:00:00:00:00:00
04-06 03:48:58.606 32035 32093 V BtGatt.ScanHelper: onScanResult() - eventType=0x10, addressType=1, address=09:08:4A:47:6D:E9, primaryPhy=1, secondaryPhy=0, advertisingSid=0xff, txPower=127, rssi=-53, periodicAdvInt=0x0, originalAddress=00:00:00:00:00:00
04-06 03:48:58.616 32035 32093 V BtGatt.ScanHelper: onScanResult() - eventType=0x1b, addressType=0, address=30:AF:7E:BE:89:C3, primaryPhy=1, secondaryPhy=0, advertisingSid=0xff, txPower=127, rssi=-83, periodicAdvInt=0x0, originalAddress=00:00:00:00:00:00
04-06 03:48:58.639 32035 32093 V BtGatt.ScanHelper: onScanResult() - eventType=0x1b, addressType=0, address=30:AF:7E:BE:89:C3, primaryPhy=1, secondaryPhy=0, advertisingSid=0xff, txPower=127, rssi=-84, periodicAdvInt=0x0, originalAddress=00:00:00:00:00:00
04-06 03:48:58.644 32035 32093 V BtGatt.ScanHelper: onScanResult() - eventType=0x10, addressType=0, address=30:AF:7E:BE:89:C3, primaryPhy=1, secondaryPhy=0, advertisingSid=0xff, txPower=127, rssi=-85, periodicAdvInt=0x0, originalAddress=00:00:00:00:00:00
04-06 03:48:58.664 32035 32093 V BtGatt.ScanHelper: onScanResult() - eventType=0x1b, addressType=1, address=7C:BE:AE:D2:C6:68, primaryPhy=1, secondaryPhy=0, advertisingSid=0xff, txPower=127, rssi=-96, periodicAdvInt=0x0, originalAddress=00:00:00:00:00:00
04-06 03:48:58.667 32035 32093 V BtGatt.ScanHelper: onScanResult() - eventType=0x1b, addressType=0, address=30:AF:7E:BE:89:C3, primaryPhy=1, secondaryPhy=0, advertisingSid=0xff, txPower=127, rssi=-84, periodicAdvInt=0x0, originalAddress=00:00:00:00:00:00
04-06 03:48:58.696 32035 32093 V BtGatt.ScanHelper: onScanResult() - eventType=0x1b, addressType=0, address=30:AF:7E:BE:89:C3, primaryPhy=1, secondaryPhy=0, advertisingSid=0xff, txPower=127, rssi=-84, periodicAdvInt=0x0, originalAddress=00:00:00:00:00:00
04-06 03:48:58.708 32035 32093 V BtGatt.ScanHelper: onScanResult() - eventType=0x10, addressType=1, address=09:08:4A:47:6D:E9, primaryPhy=1, secondaryPhy=0, advertisingSid=0xff, txPower=127, rssi=-49, periodicAdvInt=0x0, originalAddress=00:00:00:00:00:00
04-06 03:48:58.719 32035 32093 V BtGatt.ScanHelper: onScanResult() - eventType=0x1b, addressType=0, address=30:AF:7E:BE:89:C3, primaryPhy=1, secondaryPhy=0, advertisingSid=0xff, txPower=127, rssi=-90, periodicAdvInt=0x0, originalAddress=00:00:00:00:00:00
04-06 03:48:58.732 32035 32093 V BtGatt.ScanHelper: onScanResult() - eventType=0x1b, addressType=1, address=60:EA:6C:06:08:DF, primaryPhy=1, secondaryPhy=0, advertisingSid=0xff, txPower=127, rssi=-96, periodicAdvInt=0x0, originalAddress=00:00:00:00:00:00
04-06 03:48:58.749 32035 32093 V BtGatt.ScanHelper: onScanResult() - eventType=0x10, addressType=0, address=30:AF:7E:BE:89:C3, primaryPhy=1, secondaryPhy=0, advertisingSid=0xff, txPower=127, rssi=-89, periodicAdvInt=0x0, originalAddress=00:00:00:00:00:00
04-06 03:48:58.775 32035 32093 V BtGatt.ScanHelper: onScanResult() - eventType=0x1b, addressType=0, address=30:AF:7E:BE:89:C3, primaryPhy=1, secondaryPhy=0, advertisingSid=0xff, txPower=127, rssi=-89, periodicAdvInt=0x0, originalAddress=00:00:00:00:00:00
04-06 03:48:58.780 32035 32093 V BtGatt.ScanHelper: onScanResult() - eventType=0x10, addressType=1, address=64:8B:1D:EF:82:38, primaryPhy=1, secondaryPhy=0, advertisingSid=0xff, txPower=127, rssi=-102, periodicAdvInt=0x0, originalAddress=00:00:00:00:00:00
04-06 03:48:58.787 32035 32093 V BtGatt.ScanHelper: onScanResult() - eventType=0x10, addressType=0, address=D0:03:DF:8E:81:83, primaryPhy=1, secondaryPhy=0, advertisingSid=0xff, txPower=127, rssi=-96, periodicAdvInt=0x0, originalAddress=00:00:00:00:00:00
04-06 03:48:58.805 32035 32093 V BtGatt.ScanHelper: onScanResult() - eventType=0x1b, addressType=0, address=30:AF:7E:BE:89:C3, primaryPhy=1, secondaryPhy=0, advertisingSid=0xff, txPower=127, rssi=-89, periodicAdvInt=0x0, originalAddress=00:00:00:00:00:00
04-06 03:48:58.811 32035 32093 V BtGatt.ScanHelper: onScanResult() - eventType=0x10, addressType=1, address=09:08:4A:47:6D:E9, primaryPhy=1, secondaryPhy=0, advertisingSid=0xff, txPower=127, rssi=-47, periodicAdvInt=0x0, originalAddress=00:00:00:00:00:00
04-06 03:48:58.827 32035 32093 V BtGatt.ScanHelper: onScanResult() - eventType=0x1b, addressType=0, address=30:AF:7E:BE:89:C3, primaryPhy=1, secondaryPhy=0, advertisingSid=0xff, txPower=127, rssi=-89, periodicAdvInt=0x0, originalAddress=00:00:00:00:00:00
04-06 03:48:58.850 32035 32093 V BtGatt.ScanHelper: onScanResult() - eventType=0x10, addressType=0, address=30:AF:7E:BE:89:C3, primaryPhy=1, secondaryPhy=0, advertisingSid=0xff, txPower=127, rssi=-89, periodicAdvInt=0x0, originalAddress=00:00:00:00:00:00
04-06 03:48:58.857 32035 32093 V BtGatt.ScanHelper: onScanResult() - eventType=0x1b, addressType=0, address=30:AF:7E:BE:89:C3, primaryPhy=1, secondaryPhy=0, advertisingSid=0xff, txPower=127, rssi=-89, periodicAdvInt=0x0, originalAddress=00:00:00:00:00:00
04-06 03:48:58.885 32035 32093 V BtGatt.ScanHelper: onScanResult() - eventType=0x1b, addressType=0, address=30:AF:7E:BE:89:C3, primaryPhy=1, secondaryPhy=0, advertisingSid=0xff, txPower=127, rssi=-89, periodicAdvInt=0x0, originalAddress=00:00:00:00:00:00
04-06 03:48:58.910 32035 32093 V BtGatt.ScanHelper: onScanResult() - eventType=0x1b, addressType=0, address=30:AF:7E:BE:89:C3, primaryPhy=1, secondaryPhy=0, advertisingSid=0xff, txPower=127, rssi=-82, periodicAdvInt=0x0, originalAddress=00:00:00:00:00:00
04-06 03:48:58.917 32035 32093 V BtGatt.ScanHelper: onScanResult() - eventType=0x10, addressType=1, address=09:08:4A:47:6D:E9, primaryPhy=1, secondaryPhy=0, advertisingSid=0xff, txPower=127, rssi=-55, periodicAdvInt=0x0, originalAddress=00:00:00:00:00:00
04-06 03:48:58.938 32035 32093 V BtGatt.ScanHelper: onScanResult() - eventType=0x1b, addressType=0, address=30:AF:7E:BE:89:C3, primaryPhy=1, secondaryPhy=0, advertisingSid=0xff, txPower=127, rssi=-82, periodicAdvInt=0x0, originalAddress=00:00:00:00:00:00
04-06 03:48:58.942 32035 32093 V BtGatt.ScanHelper: onScanResult() - eventType=0x1b, addressType=1, address=7C:BE:AE:D2:C6:68, primaryPhy=1, secondaryPhy=0, advertisingSid=0xff, txPower=127, rssi=-95, periodicAdvInt=0x0, originalAddress=00:00:00:00:00:00
04-06 03:48:58.951 32035 32093 V BtGatt.ScanHelper: onScanResult() - eventType=0x10, addressType=0, address=30:AF:7E:BE:89:C3, primaryPhy=1, secondaryPhy=0, advertisingSid=0xff, txPower=127, rssi=-83, periodicAdvInt=0x0, originalAddress=00:00:00:00:00:00
04-06 03:48:58.967 32035 32093 V BtGatt.ScanHelper: onScanResult() - eventType=0x1b, addressType=0, address=30:AF:7E:BE:89:C3, primaryPhy=1, secondaryPhy=0, advertisingSid=0xff, txPower=127, rssi=-82, periodicAdvInt=0x0, originalAddress=00:00:00:00:00:00
04-06 03:48:58.974 32035 32093 V BtGatt.ScanHelper: onScanResult() - eventType=0x1b, addressType=0, address=00:13:43:D5:21:5D, primaryPhy=1, secondaryPhy=0, advertisingSid=0xff, txPower=127, rssi=-62, periodicAdvInt=0x0, originalAddress=00:00:00:00:00:00
04-06 03:48:58.987 32035 32093 V BtGatt.ScanHelper: onScanResult() - eventType=0x1b, addressType=0, address=30:AF:7E:BE:89:C3, primaryPhy=1, secondaryPhy=0, advertisingSid=0xff, txPower=127, rssi=-82, periodicAdvInt=0x0, originalAddress=00:00:00:00:00:00
04-06 03:48:59.000 32035 32093 V BtGatt.ScanHelper: onScanResult() - eventType=0x10, addressType=0, address=78:BD:BC:02:4E:67, primaryPhy=1, secondaryPhy=0, advertisingSid=0xff, txPower=127, rssi=-90, periodicAdvInt=0x0, originalAddress=00:00:00:00:00:00
04-06 03:48:59.010 32035 32093 V BtGatt.ScanHelper: onScanResult() - eventType=0x1b, addressType=0, address=30:AF:7E:BE:89:C3, primaryPhy=1, secondaryPhy=0, advertisingSid=0xff, txPower=127, rssi=-88, periodicAdvInt=0x0, originalAddress=00:00:00:00:00:00
04-06 03:48:59.013 32035 32093 V BtGatt.ScanHelper: onScanResult() - eventType=0x1b, addressType=1, address=60:EA:6C:06:08:DF, primaryPhy=1, secondaryPhy=0, advertisingSid=0xff, txPower=127, rssi=-94, periodicAdvInt=0x0, originalAddress=00:00:00:00:00:00
04-06 03:48:59.024 32035 32093 V BtGatt.ScanHelper: onScanResult() - eventType=0x10, addressType=1, address=09:08:4A:47:6D:E9, primaryPhy=1, secondaryPhy=0, advertisingSid=0xff, txPower=127, rssi=-52, periodicAdvInt=0x0, originalAddress=00:00:00:00:00:00
04-06 03:48:59.033 32035 32093 V BtGatt.ScanHelper: onScanResult() - eventType=0x1b, addressType=0, address=30:AF:7E:BE:89:C3, primaryPhy=1, secondaryPhy=0, advertisingSid=0xff, txPower=127, rssi=-89, periodicAdvInt=0x0, originalAddress=00:00:00:00:00:00
04-06 03:48:59.056 32035 32093 V BtGatt.ScanHelper: onScanResult() - eventType=0x1b, addressType=0, address=30:AF:7E:BE:89:C3, primaryPhy=1, secondaryPhy=0, advertisingSid=0xff, txPower=127, rssi=-89, periodicAdvInt=0x0, originalAddress=00:00:00:00:00:00
04-06 03:48:59.076 32035 32093 V BtGatt.ScanHelper: onScanResult() - eventType=0x1b, addressType=0, address=30:AF:7E:BE:89:C3, primaryPhy=1, secondaryPhy=0, advertisingSid=0xff, txPower=127, rssi=-89, periodicAdvInt=0x0, originalAddress=00:00:00:00:00:00
04-06 03:48:59.097 32035 32093 V BtGatt.ScanHelper: onScanResult() - eventType=0x1b, addressType=0, address=30:AF:7E:BE:89:C3, primaryPhy=1, secondaryPhy=0, advertisingSid=0xff, txPower=127, rssi=-88, periodicAdvInt=0x0, originalAddress=00:00:00:00:00:00
04-06 03:48:59.124 32035 32093 V BtGatt.ScanHelper: onScanResult() - eventType=0x1b, addressType=0, address=30:AF:7E:BE:89:C3, primaryPhy=1, secondaryPhy=0, advertisingSid=0xff, txPower=127, rssi=-89, periodicAdvInt=0x0, originalAddress=00:00:00:00:00:00
04-06 03:48:59.131 32035 32093 V BtGatt.ScanHelper: onScanResult() - eventType=0x10, addressType=1, address=09:08:4A:47:6D:E9, primaryPhy=1, secondaryPhy=0, advertisingSid=0xff, txPower=127, rssi=-47, periodicAdvInt=0x0, originalAddress=00:00:00:00:00:00
04-06 03:48:59.142 32035 32093 V BtGatt.ScanHelper: onScanResult() - eventType=0x1b, addressType=0, address=30:AF:7E:BE:89:C3, primaryPhy=1, secondaryPhy=0, advertisingSid=0xff, txPower=127, rssi=-89, periodicAdvInt=0x0, originalAddress=00:00:00:00:00:00
04-06 03:48:59.160 32035 32093 V BtGatt.ScanHelper: onScanResult() - eventType=0x10, addressType=0, address=30:AF:7E:BE:89:C3, primaryPhy=1, secondaryPhy=0, advertisingSid=0xff, txPower=127, rssi=-89, periodicAdvInt=0x0, originalAddress=00:00:00:00:00:00
04-06 03:48:59.171 32035 32093 V BtGatt.ScanHelper: onScanResult() - eventType=0x1b, addressType=0, address=30:AF:7E:BE:89:C3, primaryPhy=1, secondaryPhy=0, advertisingSid=0xff, txPower=127, rssi=-89, periodicAdvInt=0x0, originalAddress=00:00:00:00:00:00
04-06 03:48:59.199 32035 32093 V BtGatt.ScanHelper: onScanResult() - eventType=0x1b, addressType=0, address=30:AF:7E:BE:89:C3, primaryPhy=1, secondaryPhy=0, advertisingSid=0xff, txPower=127, rssi=-89, periodicAdvInt=0x0, originalAddress=00:00:00:00:00:00
04-06 03:48:59.220 32035 32093 V BtGatt.ScanHelper: onScanResult() - eventType=0x1b, addressType=0, address=30:AF:7E:BE:89:C3, primaryPhy=1, secondaryPhy=0, advertisingSid=0xff, txPower=127, rssi=-82, periodicAdvInt=0x0, originalAddress=00:00:00:00:00:00
04-06 03:48:59.239 32035 32093 V BtGatt.ScanHelper: onScanResult() - eventType=0x1b, addressType=0, address=30:AF:7E:BE:89:C3, primaryPhy=1, secondaryPhy=0, advertisingSid=0xff, txPower=127, rssi=-83, periodicAdvInt=0x0, originalAddress=00:00:00:00:00:00
04-06 03:48:59.250 32035 32093 V BtGatt.ScanHelper: onScanResult() - eventType=0x10, addressType=1, address=09:08:4A:47:6D:E9, primaryPhy=1, secondaryPhy=0, advertisingSid=0xff, txPower=127, rssi=-49, periodicAdvInt=0x0, originalAddress=00:00:00:00:00:00
04-06 03:48:59.281 32035 32093 V BtGatt.ScanHelper: onScanResult() - eventType=0x1b, addressType=1, address=60:EA:6C:06:08:DF, primaryPhy=1, secondaryPhy=0, advertisingSid=0xff, txPower=127, rssi=-91, periodicAdvInt=0x0, originalAddress=00:00:00:00:00:00
04-06 03:48:59.291 32035 32093 V BtGatt.ScanHelper: onScanResult() - eventType=0x1b, addressType=0, address=30:AF:7E:BE:89:C3, primaryPhy=1, secondaryPhy=0, advertisingSid=0xff, txPower=127, rssi=-82, periodicAdvInt=0x0, originalAddress=00:00:00:00:00:00
04-06 03:48:59.307 32035 32093 V BtGatt.ScanHelper: onScanResult() - eventType=0x10, addressType=0, address=78:BD:BC:02:4E:67, primaryPhy=1, secondaryPhy=0, advertisingSid=0xff, txPower=127, rssi=-91, periodicAdvInt=0x0, originalAddress=00:00:00:00:00:00
04-06 03:48:59.315 32035 32093 V BtGatt.ScanHelper: onScanResult() - eventType=0x1b, addressType=0, address=30:AF:7E:BE:89:C3, primaryPhy=1, secondaryPhy=0, advertisingSid=0xff, txPower=127, rssi=-89, periodicAdvInt=0x0, originalAddress=00:00:00:00:00:00
04-06 03:48:59.353 32035 32093 V BtGatt.ScanHelper: onScanResult() - eventType=0x10, addressType=1, address=09:08:4A:47:6D:E9, primaryPhy=1, secondaryPhy=0, advertisingSid=0xff, txPower=127, rssi=-51, periodicAdvInt=0x0, originalAddress=00:00:00:00:00:00
04-06 03:48:59.362 32035 32093 V BtGatt.ScanHelper: onScanResult() - eventType=0x10, addressType=0, address=30:AF:7E:BE:89:C3, primaryPhy=1, secondaryPhy=0, advertisingSid=0xff, txPower=127, rssi=-89, periodicAdvInt=0x0, originalAddress=00:00:00:00:00:00
04-06 03:48:59.368 32035 32093 V BtGatt.ScanHelper: onScanResult() - eventType=0x1b, addressType=0, address=30:AF:7E:BE:89:C3, primaryPhy=1, secondaryPhy=0, advertisingSid=0xff, txPower=127, rssi=-88, periodicAdvInt=0x0, originalAddress=00:00:00:00:00:00
04-06 03:48:59.381 32035 32093 V BtGatt.ScanHelper: onScanResult() - eventType=0x10, addressType=1, address=41:06:27:A9:84:13, primaryPhy=1, secondaryPhy=0, advertisingSid=0xff, txPower=127, rssi=-98, periodicAdvInt=0x0, originalAddress=00:00:00:00:00:00
04-06 03:48:59.390 32035 32093 V BtGatt.ScanHelper: onScanResult() - eventType=0x1b, addressType=0, address=30:AF:7E:BE:89:C3, primaryPhy=1, secondaryPhy=0, advertisingSid=0xff, txPower=127, rssi=-89, periodicAdvInt=0x0, originalAddress=00:00:00:00:00:00
04-06 03:48:59.396 32035 32093 V BtGatt.ScanHelper: onScanResult() - eventType=0x10, addressType=1, address=64:8B:1D:EF:82:38, primaryPhy=1, secondaryPhy=0, advertisingSid=0xff, txPower=127, rssi=-101, periodicAdvInt=0x0, originalAddress=00:00:00:00:00:00
04-06 03:48:59.419 32035 32093 V BtGatt.ScanHelper: onScanResult() - eventType=0x1b, addressType=0, address=30:AF:7E:BE:89:C3, primaryPhy=1, secondaryPhy=0, advertisingSid=0xff, txPower=127, rssi=-89, periodicAdvInt=0x0, originalAddress=00:00:00:00:00:00
04-06 03:48:59.428 32035 32093 V BtGatt.ScanHelper: onScanResult() - eventType=0x10, addressType=0, address=D0:03:DF:8E:81:83, primaryPhy=1, secondaryPhy=0, advertisingSid=0xff, txPower=127, rssi=-97, periodicAdvInt=0x0, originalAddress=00:00:00:00:00:00
04-06 03:48:59.444 32035 32093 V BtGatt.ScanHelper: onScanResult() - eventType=0x1b, addressType=0, address=30:AF:7E:BE:89:C3, primaryPhy=1, secondaryPhy=0, advertisingSid=0xff, txPower=127, rssi=-89, periodicAdvInt=0x0, originalAddress=00:00:00:00:00:00
04-06 03:48:59.454 32035 32093 V BtGatt.ScanHelper: onScanResult() - eventType=0x10, addressType=1, address=09:08:4A:47:6D:E9, primaryPhy=1, secondaryPhy=0, advertisingSid=0xff, txPower=127, rssi=-47, periodicAdvInt=0x0, originalAddress=00:00:00:00:00:00
04-06 03:48:59.468 32035 32093 V BtGatt.ScanHelper: onScanResult() - eventType=0x10, addressType=0, address=30:AF:7E:BE:89:C3, primaryPhy=1, secondaryPhy=0, advertisingSid=0xff, txPower=127, rssi=-89, periodicAdvInt=0x0, originalAddress=00:00:00:00:00:00
04-06 03:48:59.486 32035 32093 V BtGatt.ScanHelper: onScanResult() - eventType=0x1b, addressType=0, address=30:AF:7E:BE:89:C3, primaryPhy=1, secondaryPhy=0, advertisingSid=0xff, txPower=127, rssi=-89, periodicAdvInt=0x0, originalAddress=00:00:00:00:00:00
04-06 03:48:59.511 32035 32093 V BtGatt.ScanHelper: onScanResult() - eventType=0x1b, addressType=1, address=42:C9:59:B8:F2:37, primaryPhy=1, secondaryPhy=0, advertisingSid=0xff, txPower=127, rssi=-99, periodicAdvInt=0x0, originalAddress=00:00:00:00:00:00
04-06 03:48:59.540 32035 32093 V BtGatt.ScanHelper: onScanResult() - eventType=0x1b, addressType=0, address=30:AF:7E:BE:89:C3, primaryPhy=1, secondaryPhy=0, advertisingSid=0xff, txPower=127, rssi=-83, periodicAdvInt=0x0, originalAddress=00:00:00:00:00:00
04-06 03:48:59.543 32035 32093 V BtGatt.ScanHelper: onScanResult() - eventType=0x10, addressType=1, address=DE:C7:46:99:1B:8A, primaryPhy=1, secondaryPhy=0, advertisingSid=0xff, txPower=127, rssi=-90, periodicAdvInt=0x0, originalAddress=00:00:00:00:00:00
04-06 03:48:59.557 32035 32093 V BtGatt.ScanHelper: onScanResult() - eventType=0x1b, addressType=1, address=60:EA:6C:06:08:DF, primaryPhy=1, secondaryPhy=0, advertisingSid=0xff, txPower=127, rssi=-91, periodicAdvInt=0x0, originalAddress=00:00:00:00:00:00
04-06 03:48:59.560 32035 32093 V BtGatt.ScanHelper: onScanResult() - eventType=0x10, addressType=1, address=09:08:4A:47:6D:E9, primaryPhy=1, secondaryPhy=0, advertisingSid=0xff, txPower=127, rssi=-55, periodicAdvInt=0x0, originalAddress=00:00:00:00:00:00
04-06 03:48:59.563 32035 32093 V BtGatt.ScanHelper: onScanResult() - eventType=0x1b, addressType=0, address=30:AF:7E:BE:89:C3, primaryPhy=1, secondaryPhy=0, advertisingSid=0xff, txPower=127, rssi=-83, periodicAdvInt=0x0, originalAddress=00:00:00:00:00:00
04-06 03:48:59.568 32035 32093 V BtGatt.ScanHelper: onScanResult() - eventType=0x10, addressType=0, address=30:AF:7E:BE:89:C3, primaryPhy=1, secondaryPhy=0, advertisingSid=0xff, txPower=127, rssi=-83, periodicAdvInt=0x0, originalAddress=00:00:00:00:00:00
04-06 03:48:59.587 32035 32093 V BtGatt.ScanHelper: onScanResult() - eventType=0x1b, addressType=0, address=30:AF:7E:BE:89:C3, primaryPhy=1, secondaryPhy=0, advertisingSid=0xff, txPower=127, rssi=-82, periodicAdvInt=0x0, originalAddress=00:00:00:00:00:00
04-06 03:48:59.615 32035 32093 V BtGatt.ScanHelper: onScanResult() - eventType=0x1b, addressType=0, address=30:AF:7E:BE:89:C3, primaryPhy=1, secondaryPhy=0, advertisingSid=0xff, txPower=127, rssi=-89, periodicAdvInt=0x0, originalAddress=00:00:00:00:00:00
04-06 03:48:59.672 32035 32093 V BtGatt.ScanHelper: onScanResult() - eventType=0x10, addressType=0, address=30:AF:7E:BE:89:C3, primaryPhy=1, secondaryPhy=0, advertisingSid=0xff, txPower=127, rssi=-89, periodicAdvInt=0x0, originalAddress=00:00:00:00:00:00
04-06 03:48:59.687 32035 32093 V BtGatt.ScanHelper: onScanResult() - eventType=0x10, addressType=1, address=09:08:4A:47:6D:E9, primaryPhy=1, secondaryPhy=0, advertisingSid=0xff, txPower=127, rssi=-50, periodicAdvInt=0x0, originalAddress=00:00:00:00:00:00
04-06 03:48:59.697 32035 32093 V BtGatt.ScanHelper: onScanResult() - eventType=0x1b, addressType=0, address=30:AF:7E:BE:89:C3, primaryPhy=1, secondaryPhy=0, advertisingSid=0xff, txPower=127, rssi=-88, periodicAdvInt=0x0, originalAddress=00:00:00:00:00:00
04-06 03:48:59.702 32035 32093 V BtGatt.ScanHelper: onScanResult() - eventType=0x10, addressType=0, address=D0:03:DF:8E:81:83, primaryPhy=1, secondaryPhy=0, advertisingSid=0xff, txPower=127, rssi=-100, periodicAdvInt=0x0, originalAddress=00:00:00:00:00:00
04-06 03:48:59.719 32035 32093 V BtGatt.ScanHelper: onScanResult() - eventType=0x1b, addressType=0, address=30:AF:7E:BE:89:C3, primaryPhy=1, secondaryPhy=0, advertisingSid=0xff, txPower=127, rssi=-89, periodicAdvInt=0x0, originalAddress=00:00:00:00:00:00
04-06 03:48:59.725 32035 32093 V BtGatt.ScanHelper: onScanResult() - eventType=0x10, addressType=1, address=E0:FA:81:B1:8A:54, primaryPhy=1, secondaryPhy=0, advertisingSid=0xff, txPower=127, rssi=-105, periodicAdvInt=0x0, originalAddress=00:00:00:00:00:00
04-06 03:48:59.742 32035 32093 V BtGatt.ScanHelper: onScanResult() - eventType=0x1b, addressType=0, address=30:AF:7E:BE:89:C3, primaryPhy=1, secondaryPhy=0, advertisingSid=0xff, txPower=127, rssi=-89, periodicAdvInt=0x0, originalAddress=00:00:00:00:00:00
04-06 03:48:59.769 32035 32093 V BtGatt.ScanHelper: onScanResult() - eventType=0x1b, addressType=0, address=30:AF:7E:BE:89:C3, primaryPhy=1, secondaryPhy=0, advertisingSid=0xff, txPower=127, rssi=-90, periodicAdvInt=0x0, originalAddress=00:00:00:00:00:00
04-06 03:48:59.776 32035 32093 V BtGatt.ScanHelper: onScanResult() - eventType=0x1b, addressType=0, address=00:13:43:D5:21:5D, primaryPhy=1, secondaryPhy=0, advertisingSid=0xff, txPower=127, rssi=-69, periodicAdvInt=0x0, originalAddress=00:00:00:00:00:00
04-06 03:48:59.778 32035 32093 V BtGatt.ScanHelper: onScanResult() - eventType=0x10, addressType=0, address=30:AF:7E:BE:89:C3, primaryPhy=1, secondaryPhy=0, advertisingSid=0xff, txPower=127, rssi=-90, periodicAdvInt=0x0, originalAddress=00:00:00:00:00:00
04-06 03:48:59.794 32035 32093 V BtGatt.ScanHelper: onScanResult() - eventType=0x10, addressType=1, address=09:08:4A:47:6D:E9, primaryPhy=1, secondaryPhy=0, advertisingSid=0xff, txPower=127, rssi=-53, periodicAdvInt=0x0, originalAddress=00:00:00:00:00:00
04-06 03:48:59.797 32035 32093 V BtGatt.ScanHelper: onScanResult() - eventType=0x1b, addressType=0, address=30:AF:7E:BE:89:C3, primaryPhy=1, secondaryPhy=0, advertisingSid=0xff, txPower=127, rssi=-89, periodicAdvInt=0x0, originalAddress=00:00:00:00:00:00
04-06 03:48:59.824 32035 32093 V BtGatt.ScanHelper: onScanResult() - eventType=0x1b, addressType=0, address=30:AF:7E:BE:89:C3, primaryPhy=1, secondaryPhy=0, advertisingSid=0xff, txPower=127, rssi=-83, periodicAdvInt=0x0, originalAddress=00:00:00:00:00:00
04-06 03:48:59.837 32035 32093 V BtGatt.ScanHelper: onScanResult() - eventType=0x1b, addressType=1, address=60:EA:6C:06:08:DF, primaryPhy=1, secondaryPhy=0, advertisingSid=0xff, txPower=127, rssi=-91, periodicAdvInt=0x0, originalAddress=00:00:00:00:00:00
04-06 03:48:59.846 32035 32093 V BtGatt.ScanHelper: onScanResult() - eventType=0x1b, addressType=0, address=30:AF:7E:BE:89:C3, primaryPhy=1, secondaryPhy=0, advertisingSid=0xff, txPower=127, rssi=-83, periodicAdvInt=0x0, originalAddress=00:00:00:00:00:00
04-06 03:48:59.866 32035 32093 V BtGatt.ScanHelper: onScanResult() - eventType=0x1b, addressType=0, address=30:AF:7E:BE:89:C3, primaryPhy=1, secondaryPhy=0, advertisingSid=0xff, txPower=127, rssi=-83, periodicAdvInt=0x0, originalAddress=00:00:00:00:00:00
04-06 03:48:59.888 32035 32093 V BtGatt.ScanHelper: onScanResult() - eventType=0x1b, addressType=0, address=30:AF:7E:BE:89:C3, primaryPhy=1, secondaryPhy=0, advertisingSid=0xff, txPower=127, rssi=-83, periodicAdvInt=0x0, originalAddress=00:00:00:00:00:00
04-06 03:48:59.895 32035 32093 V BtGatt.ScanHelper: onScanResult() - eventType=0x10, addressType=1, address=09:08:4A:47:6D:E9, primaryPhy=1, secondaryPhy=0, advertisingSid=0xff, txPower=127, rssi=-54, periodicAdvInt=0x0, originalAddress=00:00:00:00:00:00
04-06 03:48:59.916 32035 32093 V BtGatt.ScanHelper: onScanResult() - eventType=0x10, addressType=0, address=78:BD:BC:02:4E:67, primaryPhy=1, secondaryPhy=0, advertisingSid=0xff, txPower=127, rssi=-89, periodicAdvInt=0x0, originalAddress=00:00:00:00:00:00
04-06 03:48:59.919 32035 32093 V BtGatt.ScanHelper: onScanResult() - eventType=0x1b, addressType=0, address=30:AF:7E:BE:89:C3, primaryPhy=1, secondaryPhy=0, advertisingSid=0xff, txPower=127, rssi=-88, periodicAdvInt=0x0, originalAddress=00:00:00:00:00:00
04-06 03:48:59.948 32035 32093 V BtGatt.ScanHelper: onScanResult() - eventType=0x1b, addressType=0, address=30:AF:7E:BE:89:C3, primaryPhy=1, secondaryPhy=0, advertisingSid=0xff, txPower=127, rssi=-89, periodicAdvInt=0x0, originalAddress=00:00:00:00:00:00
04-06 03:48:59.976 32035 32093 V BtGatt.ScanHelper: onScanResult() - eventType=0x1b, addressType=0, address=30:AF:7E:BE:89:C3, primaryPhy=1, secondaryPhy=0, advertisingSid=0xff, txPower=127, rssi=-89, periodicAdvInt=0x0, originalAddress=00:00:00:00:00:00
04-06 03:48:59.986 32035 32093 V BtGatt.ScanHelper: onScanResult() - eventType=0x10, addressType=0, address=30:AF:7E:BE:89:C3, primaryPhy=1, secondaryPhy=0, advertisingSid=0xff, txPower=127, rssi=-89, periodicAdvInt=0x0, originalAddress=00:00:00:00:00:00
04-06 03:49:00.002 32035 32093 V BtGatt.ScanHelper: onScanResult() - eventType=0x1b, addressType=0, address=30:AF:7E:BE:89:C3, primaryPhy=1, secondaryPhy=0, advertisingSid=0xff, txPower=127, rssi=-89, periodicAdvInt=0x0, originalAddress=00:00:00:00:00:00
04-06 03:49:00.004 32035 32093 V BtGatt.ScanHelper: onScanResult() - eventType=0x10, addressType=1, address=09:08:4A:47:6D:E9, primaryPhy=1, secondaryPhy=0, advertisingSid=0xff, txPower=127, rssi=-47, periodicAdvInt=0x0, originalAddress=00:00:00:00:00:00
04-06 03:49:00.020 32035 32093 V BtGatt.ScanHelper: onScanResult() - eventType=0x1b, addressType=0, address=30:AF:7E:BE:89:C3, primaryPhy=1, secondaryPhy=0, advertisingSid=0xff, txPower=127, rssi=-91, periodicAdvInt=0x0, originalAddress=00:00:00:00:00:00
04-06 03:49:00.029  2526  5770 W OptProp : Cannot read opt property android.window.PROPERTY_COMPAT_ALLOW_RESIZEABLE_ACTIVITY_OVERRIDES
04-06 03:49:00.033  2526  5770 D WindowManager: setLockTaskAuth: task=Task{344a2ef #148 type=standard A=10426:com.glmreader.android} mLockTaskAuth=LOCK_TASK_AUTH_PINNABLE
04-06 03:49:00.037  2526  5770 I ActivityTaskManager: START u0 {cmp=com.glmreader.android/.ui.SettingsActivity} with LAUNCH_MULTIPLE from uid 10426 from pid 30257 callingPackage com.glmreader.android (BAL_ALLOW_VISIBLE_WINDOW) result code=0
04-06 03:49:00.049 32035 32093 V BtGatt.ScanHelper: onScanResult() - eventType=0x1b, addressType=0, address=30:AF:7E:BE:89:C3, primaryPhy=1, secondaryPhy=0, advertisingSid=0xff, txPower=127, rssi=-90, periodicAdvInt=0x0, originalAddress=00:00:00:00:00:00
04-06 03:49:00.072 32035 32093 V BtGatt.ScanHelper: onScanResult() - eventType=0x1b, addressType=0, address=30:AF:7E:BE:89:C3, primaryPhy=1, secondaryPhy=0, advertisingSid=0xff, txPower=127, rssi=-90, periodicAdvInt=0x0, originalAddress=00:00:00:00:00:00
04-06 03:49:00.100 32035 32093 V BtGatt.ScanHelper: onScanResult() - eventType=0x1b, addressType=0, address=30:AF:7E:BE:89:C3, primaryPhy=1, secondaryPhy=0, advertisingSid=0xff, txPower=127, rssi=-82, periodicAdvInt=0x0, originalAddress=00:00:00:00:00:00
04-06 03:49:00.107 32035 32093 V BtGatt.ScanHelper: onScanResult() - eventType=0x1b, addressType=1, address=60:EA:6C:06:08:DF, primaryPhy=1, secondaryPhy=0, advertisingSid=0xff, txPower=127, rssi=-91, periodicAdvInt=0x0, originalAddress=00:00:00:00:00:00
04-06 03:49:00.108 32035 32093 V BtGatt.ScanHelper: onScanResult() - eventType=0x10, addressType=1, address=41:06:27:A9:84:13, primaryPhy=1, secondaryPhy=0, advertisingSid=0xff, txPower=127, rssi=-97, periodicAdvInt=0x0, originalAddress=00:00:00:00:00:00
04-06 03:49:00.120 32035 32093 V BtGatt.ScanHelper: onScanResult() - eventType=0x10, addressType=1, address=09:08:4A:47:6D:E9, primaryPhy=1, secondaryPhy=0, advertisingSid=0xff, txPower=127, rssi=-48, periodicAdvInt=0x0, originalAddress=00:00:00:00:00:00
04-06 03:49:00.125 32035 32093 V BtGatt.ScanHelper: onScanResult() - eventType=0x1b, addressType=0, address=30:AF:7E:BE:89:C3, primaryPhy=1, secondaryPhy=0, advertisingSid=0xff, txPower=127, rssi=-83, periodicAdvInt=0x0, originalAddress=00:00:00:00:00:00
04-06 03:49:00.155 32035 32093 V BtGatt.ScanHelper: onScanResult() - eventType=0x1b, addressType=0, address=30:AF:7E:BE:89:C3, primaryPhy=1, secondaryPhy=0, advertisingSid=0xff, txPower=127, rssi=-83, periodicAdvInt=0x0, originalAddress=00:00:00:00:00:00
04-06 03:49:00.182 32035 32093 V BtGatt.ScanHelper: onScanResult() - eventType=0x1b, addressType=0, address=30:AF:7E:BE:89:C3, primaryPhy=1, secondaryPhy=0, advertisingSid=0xff, txPower=127, rssi=-83, periodicAdvInt=0x0, originalAddress=00:00:00:00:00:00
04-06 03:49:00.216 32035 32093 V BtGatt.ScanHelper: onScanResult() - eventType=0x10, addressType=0, address=78:BD:BC:02:4E:67, primaryPhy=1, secondaryPhy=0, advertisingSid=0xff, txPower=127, rssi=-90, periodicAdvInt=0x0, originalAddress=00:00:00:00:00:00
04-06 03:49:00.227 32035 32093 V BtGatt.ScanHelper: onScanResult() - eventType=0x10, addressType=1, address=09:08:4A:47:6D:E9, primaryPhy=1, secondaryPhy=0, advertisingSid=0xff, txPower=127, rssi=-50, periodicAdvInt=0x0, originalAddress=00:00:00:00:00:00
04-06 03:49:00.233 32035 32093 V BtGatt.ScanHelper: onScanResult() - eventType=0x1b, addressType=0, address=30:AF:7E:BE:89:C3, primaryPhy=1, secondaryPhy=0, advertisingSid=0xff, txPower=127, rssi=-89, periodicAdvInt=0x0, originalAddress=00:00:00:00:00:00
04-06 03:49:00.241 32035 32093 V BtGatt.ScanHelper: onScanResult() - eventType=0x10, addressType=1, address=64:8B:1D:EF:82:38, primaryPhy=1, secondaryPhy=0, advertisingSid=0xff, txPower=127, rssi=-99, periodicAdvInt=0x0, originalAddress=00:00:00:00:00:00
04-06 03:49:00.262 32035 32093 V BtGatt.ScanHelper: onScanResult() - eventType=0x1b, addressType=0, address=30:AF:7E:BE:89:C3, primaryPhy=1, secondaryPhy=0, advertisingSid=0xff, txPower=127, rssi=-89, periodicAdvInt=0x0, originalAddress=00:00:00:00:00:00
04-06 03:49:00.288 32035 32093 V BtGatt.ScanHelper: onScanResult() - eventType=0x1b, addressType=0, address=30:AF:7E:BE:89:C3, primaryPhy=1, secondaryPhy=0, advertisingSid=0xff, txPower=127, rssi=-87, periodicAdvInt=0x0, originalAddress=00:00:00:00:00:00
04-06 03:49:00.310 32035 32093 V BtGatt.ScanHelper: onScanResult() - eventType=0x1b, addressType=0, address=30:AF:7E:BE:89:C3, primaryPhy=1, secondaryPhy=0, advertisingSid=0xff, txPower=127, rssi=-89, periodicAdvInt=0x0, originalAddress=00:00:00:00:00:00
04-06 03:49:00.314 32035 32093 V BtGatt.ScanHelper: onScanResult() - eventType=0x10, addressType=0, address=30:AF:7E:BE:89:C3, primaryPhy=1, secondaryPhy=0, advertisingSid=0xff, txPower=127, rssi=-89, periodicAdvInt=0x0, originalAddress=00:00:00:00:00:00
04-06 03:49:00.332 32035 32093 V BtGatt.ScanHelper: onScanResult() - eventType=0x10, addressType=1, address=09:08:4A:47:6D:E9, primaryPhy=1, secondaryPhy=0, advertisingSid=0xff, txPower=127, rssi=-48, periodicAdvInt=0x0, originalAddress=00:00:00:00:00:00
04-06 03:49:00.347 32035 32093 V BtGatt.ScanHelper: onScanResult() - eventType=0x10, addressType=0, address=D0:03:DF:8E:81:83, primaryPhy=1, secondaryPhy=0, advertisingSid=0xff, txPower=127, rssi=-99, periodicAdvInt=0x0, originalAddress=00:00:00:00:00:00
04-06 03:49:00.363 32035 32093 V BtGatt.ScanHelper: onScanResult() - eventType=0x1b, addressType=0, address=30:AF:7E:BE:89:C3, primaryPhy=1, secondaryPhy=0, advertisingSid=0xff, txPower=127, rssi=-89, periodicAdvInt=0x0, originalAddress=00:00:00:00:00:00
04-06 03:49:00.407 32035 32093 V BtGatt.ScanHelper: onScanResult() - eventType=0x1b, addressType=0, address=30:AF:7E:BE:89:C3, primaryPhy=1, secondaryPhy=0, advertisingSid=0xff, txPower=127, rssi=-83, periodicAdvInt=0x0, originalAddress=00:00:00:00:00:00
04-06 03:49:00.423 32035 32093 V BtGatt.ScanHelper: onScanResult() - eventType=0x10, addressType=0, address=30:AF:7E:BE:89:C3, primaryPhy=1, secondaryPhy=0, advertisingSid=0xff, txPower=127, rssi=-84, periodicAdvInt=0x0, originalAddress=00:00:00:00:00:00
04-06 03:49:00.434 32035 32093 V BtGatt.ScanHelper: onScanResult() - eventType=0x1b, addressType=0, address=30:AF:7E:BE:89:C3, primaryPhy=1, secondaryPhy=0, advertisingSid=0xff, txPower=127, rssi=-83, periodicAdvInt=0x0, originalAddress=00:00:00:00:00:00
04-06 03:49:00.437 32035 32093 V BtGatt.ScanHelper: onScanResult() - eventType=0x10, addressType=1, address=09:08:4A:47:6D:E9, primaryPhy=1, secondaryPhy=0, advertisingSid=0xff, txPower=127, rssi=-55, periodicAdvInt=0x0, originalAddress=00:00:00:00:00:00
04-06 03:49:00.510 32035 32093 V BtGatt.ScanHelper: onScanResult() - eventType=0x10, addressType=0, address=D0:03:DF:8E:81:83, primaryPhy=1, secondaryPhy=0, advertisingSid=0xff, txPower=127, rssi=-96, periodicAdvInt=0x0, originalAddress=00:00:00:00:00:00
